Microchip MPLAB XC8 Compiler V1.45 ()

Linker command line:

-W-3 --edf=/opt/microchip/xc8/v1.45/dat/en_msgs.txt -cs \
  -h+dist/default/production/servos.X.production.sym \
  --cmf=dist/default/production/servos.X.production.cmf -z -Q18F14K50 \
  -o/tmp/xcXbNa0sK -Mdist/default/production/servos.X.production.map -E1 \
  -ver=XC8 -ASTACK=0200h-02ffh -pstack=STACK -ACODE=00h-03FFFh \
  -ACONST=00h-03FFFh -ASMALLCONST=0300h-03FFhx61 -AMEDIUMCONST=0300h-03FFFh \
  -ACOMRAM=01h-05Fh -AABS1=00h-02FFh -ABIGRAM=01h-02FFh \
  -ARAM=060h-0FFh,0100h-01FFhx2 -ABANK0=060h-0FFh -ABANK1=0100h-01FFh \
  -ABANK2=0200h-02FFh -ASFR=0F53h-0F5Fh,0F60h-0FFFh \
  -preset_vec=00h,intcode=08h,intcodelo=018h,powerup,init -pramtop=0300h \
  -psmallconst=SMALLCONST -pmediumconst=MEDIUMCONST -pconst=CONST \
  -AFARRAM=00h-00h -ACONFIG=0300000h-030000Dh -pconfig=CONFIG \
  -AIDLOC=0200000h-0200007h -pidloc=IDLOC -AEEDATA=0F00000h-0F000FFh \
  -peeprom_data=EEDATA \
  -prdata=COMRAM,nvrram=COMRAM,nvbit=COMRAM,rbss=COMRAM,rbit=COMRAM \
  -pfarbss=FARRAM,fardata=FARRAM,nvFARRAM=FARRAM \
  -pintsave_regs=BIGRAM,bigbss=BIGRAM,bigdata=BIGRAM -pbss=RAM \
  -pidata=CODE,irdata=CODE,ibigdata=CODE,ifardata=CODE -prparam=COMRAM \
  /tmp/xcXXahiRt.obj dist/default/production/servos.X.production.obj 

Object code version is 3.11

Machine type is 18F14K50

Call graph: (short form)




                Name                               Link     Load   Length Selector   Space Scale
/tmp/xcXXahiRt.obj
                init                                 C6       C6        4        C       0
                reset_vec                             0        0        4        0       0
                idloc                            200000   200000        8   200000       0
                config                           300000   300000        E   300000       0
dist/default/production/servos.X.production.obj
                intcodelo                            18       18       AE        C       0
                intcode                               8        8        6        4       0
                temp                                 5F       5F        1        1       1
                mediumconst                        3EF8     3EF8      108     1F7C       0
                text35                             112C     112C        8        C       0
                text34                              CC0      CC0       50        C       0
                text33                              EEA      EEA       36        C       0
                text32                             10E4     10E4       12        C       0
                text31                              A8C      A8C       A8        C       0
                text30                              C0E      C0E       60        C       0
                text29                             1018     1018       30        C       0
                text28                              D10      D10       4E        C       0
                text27                             1048     1048       2E        C       0
                text26                              9CC      9CC       C0        C       0
                text25                              C6E      C6E       52        C       0
                text24                              DF2      DF2       42        C       0
                text23                              800      800       FA        C       0
                text22                             10D0     10D0       14        C       0
                text21                              8FA      8FA       D2        C       0
                text20                              E74      E74       40        C       0
                text19                             1106     1106       10        C       0
                text18                              506      506      1CC        C       0
                text17                              302      302      204        C       0
                text16                              BAA      BAA       64        C       0
                text15                              FB6      FB6       32        C       0
                intcode_body                        6D2      6D2      12E        C       0
                text12                             1076     1076       2A        C       0
                text11                              E34      E34       40        C       0
                text10                             10F6     10F6       10        C       0
                text9                              10A0     10A0       1A        C       0
                text8                               D5E      D5E       4C        C       0
                text7                               F84      F84       32        C       0
                text6                               FE8      FE8       30        C       0
                text5                               EB4      EB4       36        C       0
                text4                              10BA     10BA       16        C       0
                text3                               F52      F52       32        C       0
                text2                               DAA      DAA       48        C       0
                text1                               F20      F20       32        C       0
                text0                                CA       CA      238        C       0
                cstackCOMRAM                          1        1       35        1       1
                cstackBANK0                          84       84       22       60       1
                bssBANK1                            100      100      100      100       1
                dataBANK0                            A6       A6        C       60       1
                bssBANK0                             60       60       24       60       1
                dataCOMRAM                           55       55        A        1       1
                bssCOMRAM                            36       36       1F        1       1
                cinit                               B34      B34       76        C       0
                idataBANK0                         1116     1116        C        C       0
                idataCOMRAM                        1122     1122        A        C       0

TOTAL           Name                               Link     Load   Length     Space
        CLASS   STACK          

        CLASS   CODE           
                intcodelo                            18       18       AE         0
                intcode                               8        8        6         0
                init                                 C6       C6        4         0
                reset_vec                             0        0        4         0
                text35                             112C     112C        8         0
                text34                              CC0      CC0       50         0
                text33                              EEA      EEA       36         0
                text32                             10E4     10E4       12         0
                text31                              A8C      A8C       A8         0
                text30                              C0E      C0E       60         0
                text29                             1018     1018       30         0
                text28                              D10      D10       4E         0
                text27                             1048     1048       2E         0
                text26                              9CC      9CC       C0         0
                text25                              C6E      C6E       52         0
                text24                              DF2      DF2       42         0
                text23                              800      800       FA         0
                text22                             10D0     10D0       14         0
                text21                              8FA      8FA       D2         0
                text20                              E74      E74       40         0
                text19                             1106     1106       10         0
                text18                              506      506      1CC         0
                text17                              302      302      204         0
                text16                              BAA      BAA       64         0
                text15                              FB6      FB6       32         0
                intcode_body                        6D2      6D2      12E         0
                text12                             1076     1076       2A         0
                text11                              E34      E34       40         0
                text10                             10F6     10F6       10         0
                text9                              10A0     10A0       1A         0
                text8                               D5E      D5E       4C         0
                text7                               F84      F84       32         0
                text6                               FE8      FE8       30         0
                text5                               EB4      EB4       36         0
                text4                              10BA     10BA       16         0
                text3                               F52      F52       32         0
                text2                               DAA      DAA       48         0
                text1                               F20      F20       32         0
                text0                                CA       CA      238         0
                cinit                               B34      B34       76         0
                idataBANK0                         1116     1116        C         0
                idataCOMRAM                        1122     1122        A         0

        CLASS   CONST          

        CLASS   SMALLCONST     

        CLASS   MEDIUMCONST    
                mediumconst                        3EF8     3EF8      108         0

        CLASS   COMRAM         
                temp                                 5F       5F        1         1
                cstackCOMRAM                          1        1       35         1
                dataCOMRAM                           55       55        A         1
                bssCOMRAM                            36       36       1F         1

        CLASS   ABS1           

        CLASS   BIGRAM         

        CLASS   RAM            

        CLASS   BANK0          
                cstackBANK0                          84       84       22         1
                dataBANK0                            A6       A6        C         1
                bssBANK0                             60       60       24         1

        CLASS   BANK1          
                bssBANK1                            100      100      100         1

        CLASS   BANK2          

        CLASS   SFR            

        CLASS   FARRAM         

        CLASS   CONFIG         
                config                           300000   300000        E         0

        CLASS   IDLOC          
                idloc                            200000   200000        8         0

        CLASS   EEDATA         



SEGMENTS        Name                           Load    Length   Top    Selector   Space  Class

                reset_vec                      000000  000004  000004         0       0  CODE    
                cstackCOMRAM                   000001  00005F  000060         1       1  COMRAM  
                intcode                        000008  000006  00000E         4       0  CODE    
                intcodelo                      000018  00111C  001134         C       0  CODE    
                bssBANK0                       000060  000052  0000B2        60       1  BANK0   
                bssBANK1                       000100  000100  000200       100       1  BANK1   
                mediumconst                    003EF8  000108  004000      1F7C       0  MEDIUMCO
                idloc                          200000  000008  200008    200000       0  IDLOC   
                config                         300000  00000E  30000E    300000       0  CONFIG  


UNUSED ADDRESS RANGES

        Name                Unused          Largest block    Delta
        BANK0            0000B2-0000FF               4E
        BANK2            000200-0002FF              100
        BIGRAM           0000B2-0000FF               4E
                         000200-0002FF              100
        CODE             000004-000007                4
                         00000E-000017                A
                         001134-003EF7             2DC4
        CONST            000004-000007                4
                         00000E-000017                A
                         001134-003EF7             2DC4
        EEDATA           F00000-F000FF              100
        MEDIUMCONST      001134-003EF7             2DC4
        RAM              0000B2-0000FF               4E
                         000200-0002FF              100
        SFR              000F53-000FFF                D
        SMALLCONST       001134-003EF7              100
        STACK            000200-0002FF              100

                                  Symbol Table

?___lwdiv                        cstackCOMRAM 000001
?___lwmod                        cstackCOMRAM 000008
_ANSEL                           (abs)        000F7E
_ANSELH                          (abs)        000F7F
_BAUDCTL                         (abs)        000FB8
_EP0_IN                          dataCOMRAM   00005D
_EP0_OUT                         dataBANK0    0000AE
_EP1_IN                          dataCOMRAM   00005B
_EP2_IN                          dataBANK0    0000AA
_EP2_OUT                         dataBANK0    0000AC
_INTCONbits                      (abs)        000FF2
_LATCbits                        (abs)        000F8B
_PIE1bits                        (abs)        000F9D
_PIE2bits                        (abs)        000FA0
_PIR1bits                        (abs)        000F9E
_PIR2bits                        (abs)        000FA1
_RCREG                           (abs)        000FAE
_RCSTA                           (abs)        000FAB
_RCSTAbits                       (abs)        000FAB
_SPBRG                           (abs)        000FAF
_SPBRGH                          (abs)        000FB0
_T0CON                           (abs)        000FD5
_T1CON                           (abs)        000FCD
_T3CON                           (abs)        000FB1
_TMR0                            (abs)        000FD6
_TMR1                            (abs)        000FCE
_TMR3                            (abs)        000FB2
_TRISCbits                       (abs)        000F94
_TXREG                           (abs)        000FAD
_TXSTA                           (abs)        000FAC
_UADDR                           (abs)        000F5C
_UCFG                            (abs)        000F61
_UCON                            (abs)        000F64
_UCONbits                        (abs)        000F64
_UEP0                            (abs)        000F53
_UEP0bits                        (abs)        000F53
_UEP1                            (abs)        000F54
_UEP1bits                        (abs)        000F54
_UEP2                            (abs)        000F55
_UEP2bits                        (abs)        000F55
_UIE                             (abs)        000F60
_UIEbits                         (abs)        000F60
_UIR                             (abs)        000F62
_UIRbits                         (abs)        000F62
_USTAT                           (abs)        000F63
__CFG_BBSIZ$OFF                  (abs)        000000
__CFG_BOREN$SBORDIS              (abs)        000000
__CFG_BORV$19                    (abs)        000000
__CFG_CP0$OFF                    (abs)        000000
__CFG_CP1$OFF                    (abs)        000000
__CFG_CPB$OFF                    (abs)        000000
__CFG_CPD$OFF                    (abs)        000000
__CFG_CPUDIV$NOCLKDIV            (abs)        000000
__CFG_EBTR0$OFF                  (abs)        000000
__CFG_EBTR1$OFF                  (abs)        000000
__CFG_EBTRB$OFF                  (abs)        000000
__CFG_FCMEN$OFF                  (abs)        000000
__CFG_FOSC$XT                    (abs)        000000
__CFG_HFOFST$ON                  (abs)        000000
__CFG_IESO$OFF                   (abs)        000000
__CFG_LVP$OFF                    (abs)        000000
__CFG_MCLRE$ON                   (abs)        000000
__CFG_PCLKEN$ON                  (abs)        000000
__CFG_PLLEN$ON                   (abs)        000000
__CFG_PWRTEN$OFF                 (abs)        000000
__CFG_STVREN$OFF                 (abs)        000000
__CFG_USBDIV$OFF                 (abs)        000000
__CFG_WDTEN$ON                   (abs)        000000
__CFG_WDTPS$32768                (abs)        000000
__CFG_WRT0$OFF                   (abs)        000000
__CFG_WRT1$OFF                   (abs)        000000
__CFG_WRTB$OFF                   (abs)        000000
__CFG_WRTC$OFF                   (abs)        000000
__CFG_WRTD$OFF                   (abs)        000000
__CFG_XINST$OFF                  (abs)        000000
__HRAM                           (abs)        000000
__Habs1                          abs1         000000
__Hbank0                         bank0        000000
__Hbank1                         bank1        000000
__Hbank2                         bank2        000000
__Hbigbss                        bigbss       000000
__Hbigdata                       bigdata      000000
__Hbigram                        bigram       000000
__Hbss                           bss          000000
__HbssBANK0                      bssBANK0     000000
__HbssBANK1                      bssBANK1     000000
__HbssCOMRAM                     bssCOMRAM    000000
__Hcinit                         cinit        000000
__Hclrtext                       clrtext      000000
__Hcomram                        comram       000000
__Hconfig                        config       30000E
__Hconst                         const        000000
__HcstackBANK0                   cstackBANK0  000000
__HcstackCOMRAM                  cstackCOMRAM 000000
__Hdata                          data         000000
__HdataBANK0                     dataBANK0    000000
__HdataCOMRAM                    dataCOMRAM   000000
__Heeprom_data                   eeprom_data  000000
__Hfarbss                        farbss       000000
__Hfardata                       fardata      000000
__Hibigdata                      ibigdata     000000
__Hidata                         idata        000000
__HidataBANK0                    idataBANK0   000000
__HidataCOMRAM                   idataCOMRAM  000000
__Hidloc                         idloc        200008
__Hifardata                      ifardata     000000
__Hinit                          init         0000CA
__Hintcode                       intcode      00000E
__Hintcode_body                  intcode_body 000000
__Hintcodelo                     intcodelo    0000C6
__Hintentry                      intentry     000000
__Hintret                        intret       000000
__Hintsave_regs                  intsave_regs 000000
__Hirdata                        irdata       000000
__Hmediumconst                   mediumconst  004000
__HnvFARRAM                      nvFARRAM     000000
__Hnvbit                         nvbit        000000
__Hnvrram                        nvrram       000000
__Hparam                         rparam       000000
__Hpowerup                       powerup      0000C6
__Hram                           ram          000000
__Hramtop                        ramtop       000300
__Hrbit                          rbit         000000
__Hrbss                          rbss         000000
__Hrdata                         rdata        000000
__Hreset_vec                     reset_vec    000004
__Hrparam                        rparam       000000
__Hsfr                           sfr          000000
__Hsmallconst                    smallconst   000000
__Hspace_0                       (abs)        30000E
__Hspace_1                       (abs)        000200
__Hspace_2                       (abs)        000000
__Hstack                         stack        000000
__Hstruct                        struct       000000
__Htemp                          temp         000060
__Htext                          text         000000
__Htext0                         text0        000000
__Htext1                         text1        000000
__Htext10                        text10       000000
__Htext11                        text11       000000
__Htext12                        text12       000000
__Htext15                        text15       000000
__Htext16                        text16       000000
__Htext17                        text17       000000
__Htext18                        text18       000000
__Htext19                        text19       000000
__Htext2                         text2        000000
__Htext20                        text20       000000
__Htext21                        text21       000000
__Htext22                        text22       000000
__Htext23                        text23       000000
__Htext24                        text24       000000
__Htext25                        text25       000000
__Htext26                        text26       000000
__Htext27                        text27       000000
__Htext28                        text28       000000
__Htext29                        text29       000000
__Htext3                         text3        000000
__Htext30                        text30       000000
__Htext31                        text31       000000
__Htext32                        text32       000000
__Htext33                        text33       000000
__Htext34                        text34       000000
__Htext35                        text35       000000
__Htext36                        text36       000000
__Htext4                         text4        000000
__Htext5                         text5        000000
__Htext6                         text6        000000
__Htext7                         text7        000000
__Htext8                         text8        000000
__Htext9                         text9        000000
__LRAM                           (abs)        000001
__Labs1                          abs1         000000
__Lbank0                         bank0        000000
__Lbank1                         bank1        000000
__Lbank2                         bank2        000000
__Lbigbss                        bigbss       000000
__Lbigdata                       bigdata      000000
__Lbigram                        bigram       000000
__Lbss                           bss          000000
__LbssBANK0                      bssBANK0     000000
__LbssBANK1                      bssBANK1     000000
__LbssCOMRAM                     bssCOMRAM    000000
__Lcinit                         cinit        000000
__Lclrtext                       clrtext      000000
__Lcomram                        comram       000000
__Lconfig                        config       300000
__Lconst                         const        000000
__LcstackBANK0                   cstackBANK0  000000
__LcstackCOMRAM                  cstackCOMRAM 000000
__Ldata                          data         000000
__LdataBANK0                     dataBANK0    000000
__LdataCOMRAM                    dataCOMRAM   000000
__Leeprom_data                   eeprom_data  000000
__Lfarbss                        farbss       000000
__Lfardata                       fardata      000000
__Libigdata                      ibigdata     000000
__Lidata                         idata        000000
__LidataBANK0                    idataBANK0   000000
__LidataCOMRAM                   idataCOMRAM  000000
__Lidloc                         idloc        200000
__Lifardata                      ifardata     000000
__Linit                          init         0000C6
__Lintcode                       intcode      000008
__Lintcode_body                  intcode_body 000000
__Lintcodelo                     intcodelo    000018
__Lintentry                      intentry     000000
__Lintret                        intret       000000
__Lintsave_regs                  intsave_regs 000000
__Lirdata                        irdata       000000
__Lmediumconst                   mediumconst  003EF8
__LnvFARRAM                      nvFARRAM     000000
__Lnvbit                         nvbit        000000
__Lnvrram                        nvrram       000000
__Lparam                         rparam       000000
__Lpowerup                       powerup      0000C6
__Lram                           ram          000000
__Lramtop                        ramtop       000300
__Lrbit                          rbit         000000
__Lrbss                          rbss         000000
__Lrdata                         rdata        000000
__Lreset_vec                     reset_vec    000000
__Lrparam                        rparam       000000
__Lsfr                           sfr          000000
__Lsmallconst                    smallconst   000000
__Lspace_0                       (abs)        000000
__Lspace_1                       (abs)        000000
__Lspace_2                       (abs)        000000
__Lstack                         stack        000000
__Lstruct                        struct       000000
__Ltemp                          temp         00005F
__Ltext                          text         000000
__Ltext0                         text0        000000
__Ltext1                         text1        000000
__Ltext10                        text10       000000
__Ltext11                        text11       000000
__Ltext12                        text12       000000
__Ltext15                        text15       000000
__Ltext16                        text16       000000
__Ltext17                        text17       000000
__Ltext18                        text18       000000
__Ltext19                        text19       000000
__Ltext2                         text2        000000
__Ltext20                        text20       000000
__Ltext21                        text21       000000
__Ltext22                        text22       000000
__Ltext23                        text23       000000
__Ltext24                        text24       000000
__Ltext25                        text25       000000
__Ltext26                        text26       000000
__Ltext27                        text27       000000
__Ltext28                        text28       000000
__Ltext29                        text29       000000
__Ltext3                         text3        000000
__Ltext30                        text30       000000
__Ltext31                        text31       000000
__Ltext32                        text32       000000
__Ltext33                        text33       000000
__Ltext34                        text34       000000
__Ltext35                        text35       000000
__Ltext36                        text36       000000
__Ltext4                         text4        000000
__Ltext5                         text5        000000
__Ltext6                         text6        000000
__Ltext7                         text7        000000
__Ltext8                         text8        000000
__Ltext9                         text9        000000
__S0                             (abs)        30000E
__S1                             (abs)        000200
__S2                             (abs)        000000
___inthi_sp                      stack        000000
___intlo_sp                      stack        000000
___lwdiv                         text25       000C6E
___lwdiv@counter                 cstackCOMRAM 000007
___lwdiv@dividend                cstackCOMRAM 000001
___lwdiv@divisor                 cstackCOMRAM 000003
___lwdiv@quotient                cstackCOMRAM 000005
___lwmod                         text24       000DF2
___lwmod@counter                 cstackCOMRAM 00000C
___lwmod@dividend                cstackCOMRAM 000008
___lwmod@divisor                 cstackCOMRAM 00000A
___param_bank                    (abs)        000000
___rparam_used                   (abs)        000001
___sp                            stack        000000
__accesstop                      (abs)        000060
__activetblptr                   (abs)        000003
__end_of___lwdiv                 text25       000CC0
__end_of___lwmod                 text24       000E34
__end_of__initialization         cinit        000BA0
__end_of_delayMicroseconds       text12       0010A0
__end_of_flush_uart              text10       001106
__end_of_get_pwm                 text2        000DF2
__end_of_handle_uart             text11       000E74
__end_of_handle_uart_rx          text35       001134
__end_of_handle_usb_ctrl_in      text31       000B34
__end_of_handle_usb_ctrl_input   text30       000C6E
__end_of_handle_usb_ctrl_out     text26       000A8C
__end_of_handle_usb_ctrl_output  text16       000C0E
__end_of_handle_usb_ctrl_setup   text17       000506
__end_of_handle_usb_reset        text33       000F20
__end_of_handle_usb_stall        text32       0010F6
__end_of_handle_usb_transaction  text15       000FE8
__end_of_hex_table               mediumconst  003F09
__end_of_init_uart               text9        0010BA
__end_of_init_usb                text8        000DAA
__end_of_isr                     intcode_body 000800
__end_of_isr1                    intcodelo    0000C6
__end_of_main                    text0        000302
__end_of_print_byte              text7        000FB6
__end_of_print_hex2              text28       000D5E
__end_of_print_number            text22       0010E4
__end_of_print_number_nospace    text23       0008FA
__end_of_print_text              text6        001018
__end_of_qual_descriptor         mediumconst  003F93
__end_of_sd000                   mediumconst  003F97
__end_of_sd001                   mediumconst  003F65
__end_of_sd002                   mediumconst  003F77
__end_of_sync_code0              text4        0010D0
__end_of_sync_code1              text3        000F84
__end_of_sync_code2              text1        000F52
__end_of_sync_code3              text5        000EEA
__end_of_usb_check_std_request   text18       0006D2
__end_of_usb_config1             mediumconst  003F4F
__end_of_usb_descriptor          mediumconst  003F89
__end_of_usb_prepare_setup       text34       000D10
__end_of_user_endpoint_init      text21       0009CC
__end_ofi2_flush_uart            text19       001116
__end_ofi2_handle_uart           text20       000EB4
__end_ofi2_print_byte            text29       001048
__end_ofi2_print_text            text27       001076
__initialization                 cinit        000B34
__mediumconst                    mediumconst  003EF8
__pbssBANK0                      bssBANK0     000060
__pbssBANK1                      bssBANK1     000100
__pbssCOMRAM                     bssCOMRAM    000036
__pcinit                         cinit        000B34
__pcstackBANK0                   cstackBANK0  000084
__pcstackCOMRAM                  cstackCOMRAM 000001
__pdataBANK0                     dataBANK0    0000A6
__pdataCOMRAM                    dataCOMRAM   000055
__pidataBANK0                    idataBANK0   001116
__pidataCOMRAM                   idataCOMRAM  001122
__pintcode                       intcode      000008
__pintcode_body                  intcode_body 0006D2
__pintcodelo                     intcodelo    000018
__pmediumconst                   mediumconst  003EF8
__ptext0                         text0        0000CA
__ptext1                         text1        000F20
__ptext10                        text10       0010F6
__ptext11                        text11       000E34
__ptext12                        text12       001076
__ptext15                        text15       000FB6
__ptext16                        text16       000BAA
__ptext17                        text17       000302
__ptext18                        text18       000506
__ptext19                        text19       001106
__ptext2                         text2        000DAA
__ptext20                        text20       000E74
__ptext21                        text21       0008FA
__ptext22                        text22       0010D0
__ptext23                        text23       000800
__ptext24                        text24       000DF2
__ptext25                        text25       000C6E
__ptext26                        text26       0009CC
__ptext27                        text27       001048
__ptext28                        text28       000D10
__ptext29                        text29       001018
__ptext3                         text3        000F52
__ptext30                        text30       000C0E
__ptext31                        text31       000A8C
__ptext32                        text32       0010E4
__ptext33                        text33       000EEA
__ptext34                        text34       000CC0
__ptext35                        text35       00112C
__ptext36                        text36       000000
__ptext4                         text4        0010BA
__ptext5                         text5        000EB4
__ptext6                         text6        000FE8
__ptext7                         text7        000F84
__ptext8                         text8        000D5E
__ptext9                         text9        0010A0
__ramtop                         ramtop       000300
__size_of___lwdiv                (abs)        000000
__size_of___lwmod                (abs)        000000
__size_of_delayMicroseconds      (abs)        000000
__size_of_flush_uart             (abs)        000000
__size_of_get_pwm                (abs)        000000
__size_of_handle_uart            (abs)        000000
__size_of_handle_uart_rx         (abs)        000000
__size_of_handle_usb_ctrl_in     (abs)        000000
__size_of_handle_usb_ctrl_input  (abs)        000000
__size_of_handle_usb_ctrl_out    (abs)        000000
__size_of_handle_usb_ctrl_output (abs)        000000
__size_of_handle_usb_ctrl_setup  (abs)        000000
__size_of_handle_usb_reset       (abs)        000000
__size_of_handle_usb_stall       (abs)        000000
__size_of_handle_usb_transaction (abs)        000000
__size_of_init_uart              (abs)        000000
__size_of_init_usb               (abs)        000000
__size_of_isr                    (abs)        000000
__size_of_isr1                   (abs)        000000
__size_of_main                   (abs)        000000
__size_of_print_byte             (abs)        000000
__size_of_print_hex2             (abs)        000000
__size_of_print_number           (abs)        000000
__size_of_print_number_nospace   (abs)        000000
__size_of_print_text             (abs)        000000
__size_of_sync_code0             (abs)        000000
__size_of_sync_code1             (abs)        000000
__size_of_sync_code2             (abs)        000000
__size_of_sync_code3             (abs)        000000
__size_of_usb_check_std_request  (abs)        000000
__size_of_usb_prepare_setup      (abs)        000000
__size_of_user_endpoint_init     (abs)        000000
__size_ofi2_flush_uart           (abs)        000000
__size_ofi2_handle_uart          (abs)        000000
__size_ofi2_print_byte           (abs)        000000
__size_ofi2_print_text           (abs)        000000
__smallconst                     smallconst   000000
_buffer                          bssCOMRAM    000036
_cdc_in_packet                   dataCOMRAM   000055
_counter                         bssCOMRAM    000052
_ctrl_trf_session_owner          bssCOMRAM    00004F
_ctrl_trf_state                  bssCOMRAM    000050
_data_count                      bssCOMRAM    000041
_data_in_packet                  dataBANK0    0000A8
_data_out_packet                 dataBANK0    0000A6
_data_ptr                        bssCOMRAM    00003E
_delayMicroseconds               text12       001076
_flags                           bssCOMRAM    000053
_flush_uart                      text10       0010F6
_get_pwm                         text2        000DAA
_handle_uart                     text11       000E34
_handle_uart_rx                  text35       00112C
_handle_usb_ctrl_in              text31       000A8C
_handle_usb_ctrl_input           text30       000C0E
_handle_usb_ctrl_out             text26       0009CC
_handle_usb_ctrl_output          text16       000BAA
_handle_usb_ctrl_setup           text17       000302
_handle_usb_reset                text33       000EEA
_handle_usb_stall                text32       0010E4
_handle_usb_transaction          text15       000FB6
_hex_table                       mediumconst  003EF9
_init_uart                       text9        0010A0
_init_usb                        text8        000D5E
_input_state                     dataBANK0    0000B0
_ir_buffer                       bssBANK0     000060
_ir_count                        bssBANK0     000082
_ir_ptr                          bssCOMRAM    000043
_ir_ptr2                         bssBANK0     000080
_isr                             intcode      000008
_isr1                            intcodelo    000018
_main                            text0        0000CA
_print_byte                      text7        000F84
_print_hex2                      text28       000D10
_print_number                    text22       0010D0
_print_number_nospace            text23       000800
_print_text                      text6        000FE8
_pwm0                            bssCOMRAM    00004D
_pwm1                            bssCOMRAM    00004B
_qual_descriptor                 mediumconst  003F89
_sd000                           mediumconst  003F93
_sd001                           mediumconst  003F4F
_sd002                           mediumconst  003F65
_serial_out_buffer               bssBANK1     000100
_serial_out_count                bssCOMRAM    000049
_serial_out_ptr                  bssCOMRAM    000047
_serial_out_ptr2                 bssCOMRAM    000045
_setup_in_packet                 dataCOMRAM   000057
_setup_out_packet                dataCOMRAM   000059
_sync_code0                      text4        0010BA
_sync_code1                      text3        000F52
_sync_code2                      text1        000F20
_sync_code3                      text5        000EB4
_usb_check_std_request           text18       000506
_usb_config                      bssCOMRAM    000054
_usb_config1                     mediumconst  003F09
_usb_descriptor                  mediumconst  003F77
_usb_prepare_setup               text34       000CC0
_usb_state                       bssCOMRAM    000051
_user_endpoint_init              text21       0008FA
btemp                            temp         00005F
delayMicroseconds@i              cstackBANK0  00009B
delayMicroseconds@x              cstackBANK0  000099
end_of_initialization            cinit        000BA0
get_pwm@c                        cstackBANK0  00009B
handle_uart_rx@c                 cstackCOMRAM 000001
handle_usb_ctrl_in@fragment      cstackCOMRAM 000005
handle_usb_ctrl_in@i             cstackCOMRAM 000004
handle_usb_ctrl_out@temp         cstackCOMRAM 000005
handle_usb_ctrl_output@temp      cstackCOMRAM 00001F
handle_usb_ctrl_setup@command    cstackCOMRAM 00001B
handle_usb_ctrl_setup@length     cstackCOMRAM 000019
handle_usb_ctrl_setup@length_717 cstackCOMRAM 00001C
handle_usb_ctrl_setup@type       cstackCOMRAM 00001E
i2_flush_uart                    text19       001106
i2_handle_uart                   text20       000E74
i2_print_byte                    text29       001018
i2_print_text                    text27       001048
i2print_byte@c                   cstackCOMRAM 000001
i2print_text@s                   cstackCOMRAM 000002
init_usb@i                       cstackBANK0  000099
int$flags                        temp         00005F
int_func                         intcode_body 0006D2
intlevel0                        text         000000
intlevel1                        text         000000
intlevel2                        text         000000
intlevel3                        text         000000
main@fragment                    cstackBANK0  0000A5
main@i                           cstackBANK0  0000A3
main@i_787                       cstackBANK0  0000A4
print_byte@c                     cstackBANK0  000099
print_hex2@number                cstackCOMRAM 000004
print_number@number              cstackCOMRAM 00000F
print_number_nospace@number      cstackCOMRAM 00000D
print_text@s                     cstackBANK0  00009A
stackhi                          (abs)        0002FF
stacklo                          (abs)        000200
start                            init         0000C6
start_initialization             cinit        000B34
sync_code0@c                     cstackBANK0  000099
sync_code1@c                     cstackBANK0  000099
sync_code2@c                     cstackBANK0  000099
sync_code3@c                     cstackBANK0  000099
usb_check_std_request@index      cstackCOMRAM 000011
usb_check_std_request@request    cstackCOMRAM 000012
usb_check_std_request@type       cstackCOMRAM 000013
wtemp6                           temp         000060


FUNCTION INFORMATION:

 *************** function _main *****************
 Defined at:
		line 1234 in file "servos.c"
 Parameters:    Size  Location     Type
  argc            2   25[BANK0 ] int 
  argv            3   27[BANK0 ] PTR PTR unsigned char 
 Auto vars:     Size  Location     Type
  fragment        1   33[BANK0 ] unsigned char 
  i               1   32[BANK0 ] unsigned char 
  i               1   31[BANK0 ] unsigned char 
 Return value:  Size  Location     Type
                  2   25[BANK0 ] int 
 Registers used:
		wreg, fsr1l, fsr1h, fsr2l, fsr2h, status,2, status,0, pclath, tosl, tblptrl, tblptrh, tblptru, prodl, prodh, cstack
 Tracked objects:
		On entry : 
		On exit  : 
		Unchanged: 
 Data sizes:     COMRAM   BANK0   BANK1   BANK2
      Params:         0       5       0       0
      Locals:         0       3       0       0
      Temps:          0       1       0       0
      Totals:         0       9       0       0
Total ram usage:        9 bytes
 Hardware stack levels required when called:   11
 This function calls:
		_delayMicroseconds
		_flush_uart
		_get_pwm
		_handle_uart
		_init_uart
		_init_usb
		_print_byte
		_print_text
		_sync_code0
		_sync_code1
		_sync_code2
		_sync_code3
 This function is called by:
		Startup code after reset
 This function uses a non-reentrant model


 *************** function _sync_code2 *****************
 Defined at:
		line 1187 in file "servos.c"
 Parameters:    Size  Location     Type
  c               1    wreg     unsigned char 
 Auto vars:     Size  Location     Type
  c               1   21[BANK0 ] unsigned char 
 Return value:  Size  Location     Type
                  1    wreg      void 
 Registers used:
		wreg, status,2, status,0
 Tracked objects:
		On entry : 
		On exit  : 
		Unchanged: 
 Data sizes:     COMRAM   BANK0   BANK1   BANK2
      Params:         0       0       0       0
      Locals:         0       1       0       0
      Temps:          0       0       0       0
      Totals:         0       1       0       0
Total ram usage:        1 bytes
 Hardware stack levels used:    1
 Hardware stack levels required when called:    9
 This function calls:
		Nothing
 This function is called by:
		_sync_code1
		_main
 This function uses a non-reentrant model


 *************** function _get_pwm *****************
 Defined at:
		line 1149 in file "servos.c"
 Parameters:    Size  Location     Type
  c               1    wreg     unsigned char 
 Auto vars:     Size  Location     Type
  c               1   23[BANK0 ] unsigned char 
 Return value:  Size  Location     Type
                  1    wreg      void 
 Registers used:
		wreg, fsr2l, fsr2h, status,2, status,0, prodl, prodh
 Tracked objects:
		On entry : 
		On exit  : 
		Unchanged: 
 Data sizes:     COMRAM   BANK0   BANK1   BANK2
      Params:         0       0       0       0
      Locals:         0       1       0       0
      Temps:          0       2       0       0
      Totals:         0       3       0       0
Total ram usage:        3 bytes
 Hardware stack levels used:    1
 Hardware stack levels required when called:    9
 This function calls:
		Nothing
 This function is called by:
		_sync_code3
		_main
 This function uses a non-reentrant model


 *************** function _sync_code1 *****************
 Defined at:
		line 1205 in file "servos.c"
 Parameters:    Size  Location     Type
  c               1    wreg     unsigned char 
 Auto vars:     Size  Location     Type
  c               1   21[BANK0 ] unsigned char 
 Return value:  Size  Location     Type
                  1    wreg      void 
 Registers used:
		wreg, status,2, status,0
 Tracked objects:
		On entry : 
		On exit  : 
		Unchanged: 
 Data sizes:     COMRAM   BANK0   BANK1   BANK2
      Params:         0       0       0       0
      Locals:         0       1       0       0
      Temps:          0       0       0       0
      Totals:         0       1       0       0
Total ram usage:        1 bytes
 Hardware stack levels used:    1
 Hardware stack levels required when called:    9
 This function calls:
		Nothing
 This function is called by:
		_sync_code3
		_sync_code2
		_sync_code0
		_main
 This function uses a non-reentrant model


 *************** function _sync_code0 *****************
 Defined at:
		line 1223 in file "servos.c"
 Parameters:    Size  Location     Type
  c               1    wreg     unsigned char 
 Auto vars:     Size  Location     Type
  c               1   21[BANK0 ] unsigned char 
 Return value:  Size  Location     Type
                  1    wreg      void 
 Registers used:
		wreg, status,2, status,0
 Tracked objects:
		On entry : 
		On exit  : 
		Unchanged: 
 Data sizes:     COMRAM   BANK0   BANK1   BANK2
      Params:         0       0       0       0
      Locals:         0       1       0       0
      Temps:          0       0       0       0
      Totals:         0       1       0       0
Total ram usage:        1 bytes
 Hardware stack levels used:    1
 Hardware stack levels required when called:    9
 This function calls:
		Nothing
 This function is called by:
		_get_pwm
		_sync_code3
		_sync_code2
		_sync_code1
		_main
 This function uses a non-reentrant model


 *************** function _sync_code3 *****************
 Defined at:
		line 1168 in file "servos.c"
 Parameters:    Size  Location     Type
  c               1    wreg     unsigned char 
 Auto vars:     Size  Location     Type
  c               1   21[BANK0 ] unsigned char 
 Return value:  Size  Location     Type
                  1    wreg      void 
 Registers used:
		wreg, status,2, status,0
 Tracked objects:
		On entry : 
		On exit  : 
		Unchanged: 
 Data sizes:     COMRAM   BANK0   BANK1   BANK2
      Params:         0       0       0       0
      Locals:         0       1       0       0
      Temps:          0       0       0       0
      Totals:         0       1       0       0
Total ram usage:        1 bytes
 Hardware stack levels used:    1
 Hardware stack levels required when called:    9
 This function calls:
		Nothing
 This function is called by:
		_sync_code2
		_main
 This function uses a non-reentrant model


 *************** function _print_text *****************
 Defined at:
		line 250 in file "servos.c"
 Parameters:    Size  Location     Type
  s               2   22[BANK0 ] PTR const unsigned char 
		 -> STR_8(36), STR_7(15), STR_6(2), STR_5(10), 
		 -> STR_4(2), STR_3(17), STR_2(2), STR_1(26), 
 Auto vars:     Size  Location     Type
		None
 Return value:  Size  Location     Type
                  1    wreg      void 
 Registers used:
		wreg, fsr2l, fsr2h, status,2, status,0, tblptrl, tblptrh, tblptru, cstack
 Tracked objects:
		On entry : 
		On exit  : 
		Unchanged: 
 Data sizes:     COMRAM   BANK0   BANK1   BANK2
      Params:         0       2       0       0
      Locals:         0       0       0       0
      Temps:          0       0       0       0
      Totals:         0       2       0       0
Total ram usage:        2 bytes
 Hardware stack levels used:    1
 Hardware stack levels required when called:   10
 This function calls:
		_print_byte
 This function is called by:
		_main
 This function uses a non-reentrant model


 *************** function _print_byte *****************
 Defined at:
		line 237 in file "servos.c"
 Parameters:    Size  Location     Type
  c               1    wreg     unsigned char 
 Auto vars:     Size  Location     Type
  c               1   21[BANK0 ] unsigned char 
 Return value:  Size  Location     Type
                  1    wreg      void 
 Registers used:
		wreg, fsr2l, fsr2h, status,2, status,0
 Tracked objects:
		On entry : 
		On exit  : 
		Unchanged: 
 Data sizes:     COMRAM   BANK0   BANK1   BANK2
      Params:         0       0       0       0
      Locals:         0       1       0       0
      Temps:          0       0       0       0
      Totals:         0       1       0       0
Total ram usage:        1 bytes
 Hardware stack levels used:    1
 Hardware stack levels required when called:    9
 This function calls:
		Nothing
 This function is called by:
		_print_text
		_main
		_print_bin
 This function uses a non-reentrant model


 *************** function _init_usb *****************
 Defined at:
		line 591 in file "servos.c"
 Parameters:    Size  Location     Type
		None
 Auto vars:     Size  Location     Type
  i               1   21[BANK0 ] unsigned char 
 Return value:  Size  Location     Type
                  1    wreg      void 
 Registers used:
		wreg, fsr2l, fsr2h, status,2, status,0, prodl, prodh
 Tracked objects:
		On entry : 
		On exit  : 
		Unchanged: 
 Data sizes:     COMRAM   BANK0   BANK1   BANK2
      Params:         0       0       0       0
      Locals:         0       1       0       0
      Temps:          0       0       0       0
      Totals:         0       1       0       0
Total ram usage:        1 bytes
 Hardware stack levels used:    1
 Hardware stack levels required when called:    9
 This function calls:
		Nothing
 This function is called by:
		_main
 This function uses a non-reentrant model


 *************** function _init_uart *****************
 Defined at:
		line 160 in file "servos.c"
 Parameters:    Size  Location     Type
		None
 Auto vars:     Size  Location     Type
		None
 Return value:  Size  Location     Type
                  1    wreg      void 
 Registers used:
		wreg, status,2
 Tracked objects:
		On entry : 
		On exit  : 
		Unchanged: 
 Data sizes:     COMRAM   BANK0   BANK1   BANK2
      Params:         0       0       0       0
      Locals:         0       0       0       0
      Temps:          0       0       0       0
      Totals:         0       0       0       0
Total ram usage:        0 bytes
 Hardware stack levels used:    1
 Hardware stack levels required when called:    9
 This function calls:
		Nothing
 This function is called by:
		_main
 This function uses a non-reentrant model


 *************** function _flush_uart *****************
 Defined at:
		line 228 in file "servos.c"
 Parameters:    Size  Location     Type
		None
 Auto vars:     Size  Location     Type
		None
 Return value:  Size  Location     Type
                  1    wreg      void 
 Registers used:
		wreg, fsr2l, fsr2h, status,2, status,0, cstack
 Tracked objects:
		On entry : 
		On exit  : 
		Unchanged: 
 Data sizes:     COMRAM   BANK0   BANK1   BANK2
      Params:         0       0       0       0
      Locals:         0       0       0       0
      Temps:          0       0       0       0
      Totals:         0       0       0       0
Total ram usage:        0 bytes
 Hardware stack levels used:    1
 Hardware stack levels required when called:   10
 This function calls:
		_handle_uart
 This function is called by:
		_main
 This function uses a non-reentrant model


 *************** function _handle_uart *****************
 Defined at:
		line 203 in file "servos.c"
 Parameters:    Size  Location     Type
		None
 Auto vars:     Size  Location     Type
		None
 Return value:  Size  Location     Type
                  1    wreg      void 
 Registers used:
		wreg, fsr2l, fsr2h, status,2, status,0
 Tracked objects:
		On entry : 
		On exit  : 
		Unchanged: 
 Data sizes:     COMRAM   BANK0   BANK1   BANK2
      Params:         0       0       0       0
      Locals:         0       0       0       0
      Temps:          0       0       0       0
      Totals:         0       0       0       0
Total ram usage:        0 bytes
 Hardware stack levels used:    1
 Hardware stack levels required when called:    9
 This function calls:
		Nothing
 This function is called by:
		_flush_uart
		_main
 This function uses a non-reentrant model


 *************** function _delayMicroseconds *****************
 Defined at:
		line 193 in file "servos.c"
 Parameters:    Size  Location     Type
  x               2   21[BANK0 ] unsigned int 
 Auto vars:     Size  Location     Type
  i               2   23[BANK0 ] unsigned int 
 Return value:  Size  Location     Type
                  1    wreg      void 
 Registers used:
		wreg, status,2, status,0
 Tracked objects:
		On entry : 
		On exit  : 
		Unchanged: 
 Data sizes:     COMRAM   BANK0   BANK1   BANK2
      Params:         0       2       0       0
      Locals:         0       2       0       0
      Temps:          0       0       0       0
      Totals:         0       4       0       0
Total ram usage:        4 bytes
 Hardware stack levels used:    1
 Hardware stack levels required when called:    9
 This function calls:
		Nothing
 This function is called by:
		_main
 This function uses a non-reentrant model


 *************** function _isr1 *****************
 Defined at:
		line 1363 in file "servos.c"
 Parameters:    Size  Location     Type
		None
 Auto vars:     Size  Location     Type
		None
 Return value:  Size  Location     Type
                  1    wreg      void 
 Registers used:
		None
 Tracked objects:
		On entry : 
		On exit  : 
		Unchanged: 
 Data sizes:     COMRAM   BANK0   BANK1   BANK2
      Params:         0       0       0       0
      Locals:         0       0       0       0
      Temps:          0      21       0       0
      Totals:         0      21       0       0
Total ram usage:       21 bytes
 Hardware stack levels used:    1
 Hardware stack levels required when called:    8
 This function calls:
		Nothing
 This function is called by:
		Interrupt level 1
 This function uses a non-reentrant model


 *************** function _isr *****************
 Defined at:
		line 1367 in file "servos.c"
 Parameters:    Size  Location     Type
		None
 Auto vars:     Size  Location     Type
		None
 Return value:  Size  Location     Type
                  1    wreg      void 
 Registers used:
		wreg, fsr1l, fsr1h, fsr2l, fsr2h, status,2, status,0, tblptrl, tblptrh, tblptru, prodl, prodh, cstack
 Tracked objects:
		On entry : 
		On exit  : 
		Unchanged: 
 Data sizes:     COMRAM   BANK0   BANK1   BANK2
      Params:         0       0       0       0
      Locals:         0       0       0       0
      Temps:         20       0       0       0
      Totals:        20       0       0       0
Total ram usage:       20 bytes
 Hardware stack levels used:    1
 Hardware stack levels required when called:    7
 This function calls:
		_handle_uart_rx
		_handle_usb_reset
		_handle_usb_stall
		_handle_usb_transaction
 This function is called by:
		Interrupt level 2
 This function uses a non-reentrant model


 *************** function _handle_usb_transaction *****************
 Defined at:
		line 1119 in file "servos.c"
 Parameters:    Size  Location     Type
		None
 Auto vars:     Size  Location     Type
		None
 Return value:  Size  Location     Type
                  1    wreg      void 
 Registers used:
		wreg, fsr1l, fsr1h, fsr2l, fsr2h, status,2, status,0, tblptrl, tblptrh, tblptru, prodl, prodh, cstack
 Tracked objects:
		On entry : 
		On exit  : 
		Unchanged: 
 Data sizes:     COMRAM   BANK0   BANK1   BANK2
      Params:         0       0       0       0
      Locals:         0       0       0       0
      Temps:          2       0       0       0
      Totals:         2       0       0       0
Total ram usage:        2 bytes
 Hardware stack levels used:    1
 Hardware stack levels required when called:    6
 This function calls:
		_handle_usb_ctrl_input
		_handle_usb_ctrl_output
 This function is called by:
		_isr
 This function uses a non-reentrant model


 *************** function _handle_usb_ctrl_output *****************
 Defined at:
		line 1024 in file "servos.c"
 Parameters:    Size  Location     Type
		None
 Auto vars:     Size  Location     Type
  temp            1   30[COMRAM] unsigned char 
 Return value:  Size  Location     Type
                  1    wreg      void 
 Registers used:
		wreg, fsr1l, fsr1h, fsr2l, fsr2h, status,2, status,0, tblptrl, tblptrh, tblptru, prodl, prodh, cstack
 Tracked objects:
		On entry : 
		On exit  : 
		Unchanged: 
 Data sizes:     COMRAM   BANK0   BANK1   BANK2
      Params:         0       0       0       0
      Locals:         1       0       0       0
      Temps:          0       0       0       0
      Totals:         1       0       0       0
Total ram usage:        1 bytes
 Hardware stack levels used:    1
 Hardware stack levels required when called:    5
 This function calls:
		_handle_usb_ctrl_out
		_handle_usb_ctrl_setup
		_usb_prepare_setup
		i2_print_text
 This function is called by:
		_handle_usb_transaction
 This function uses a non-reentrant model


 *************** function _handle_usb_ctrl_setup *****************
 Defined at:
		line 871 in file "servos.c"
 Parameters:    Size  Location     Type
		None
 Auto vars:     Size  Location     Type
  length          2   27[COMRAM] unsigned int 
  command         1   26[COMRAM] unsigned char 
  length          2   24[COMRAM] unsigned int 
  type            1   29[COMRAM] unsigned char 
 Return value:  Size  Location     Type
                  1    wreg      void 
 Registers used:
		wreg, fsr1l, fsr1h, fsr2l, fsr2h, status,2, status,0, tblptrl, tblptrh, tblptru, prodl, prodh, cstack
 Tracked objects:
		On entry : 
		On exit  : 
		Unchanged: 
 Data sizes:     COMRAM   BANK0   BANK1   BANK2
      Params:         0       0       0       0
      Locals:         6       0       0       0
      Temps:          5       0       0       0
      Totals:        11       0       0       0
Total ram usage:       11 bytes
 Hardware stack levels used:    1
 Hardware stack levels required when called:    4
 This function calls:
		_handle_usb_ctrl_in
		_usb_check_std_request
 This function is called by:
		_handle_usb_ctrl_output
 This function uses a non-reentrant model


 *************** function _usb_check_std_request *****************
 Defined at:
		line 711 in file "servos.c"
 Parameters:    Size  Location     Type
		None
 Auto vars:     Size  Location     Type
  index           1   16[COMRAM] unsigned char 
  type            1   18[COMRAM] unsigned char 
  request         1   17[COMRAM] unsigned char 
 Return value:  Size  Location     Type
                  1    wreg      void 
 Registers used:
		wreg, fsr2l, fsr2h, status,2, status,0, tblptrl, tblptrh, tblptru, cstack
 Tracked objects:
		On entry : 
		On exit  : 
		Unchanged: 
 Data sizes:     COMRAM   BANK0   BANK1   BANK2
      Params:         0       0       0       0
      Locals:         3       0       0       0
      Temps:          0       0       0       0
      Totals:         3       0       0       0
Total ram usage:        3 bytes
 Hardware stack levels used:    1
 Hardware stack levels required when called:    3
 This function calls:
		_print_number
		_user_endpoint_init
		i2_flush_uart
		i2_print_text
 This function is called by:
		_handle_usb_ctrl_setup
 This function uses a non-reentrant model


 *************** function i2_flush_uart *****************
 Defined at:
		line 228 in file "servos.c"
 Parameters:    Size  Location     Type
		None
 Auto vars:     Size  Location     Type
		None
 Return value:  Size  Location     Type
                  1    wreg      void 
 Registers used:
		wreg, fsr2l, fsr2h, status,2, status,0, cstack
 Tracked objects:
		On entry : 
		On exit  : 
		Unchanged: 
 Data sizes:     COMRAM   BANK0   BANK1   BANK2
      Params:         0       0       0       0
      Locals:         0       0       0       0
      Temps:          0       0       0       0
      Totals:         0       0       0       0
Total ram usage:        0 bytes
 Hardware stack levels used:    1
 Hardware stack levels required when called:    1
 This function calls:
		i2_handle_uart
 This function is called by:
		_usb_check_std_request
 This function uses a non-reentrant model


 *************** function i2_handle_uart *****************
 Defined at:
		line 203 in file "servos.c"
 Parameters:    Size  Location     Type
		None
 Auto vars:     Size  Location     Type
		None
 Return value:  Size  Location     Type
                  1    wreg      void 
 Registers used:
		wreg, fsr2l, fsr2h, status,2, status,0
 Tracked objects:
		On entry : 
		On exit  : 
		Unchanged: 
 Data sizes:     COMRAM   BANK0   BANK1   BANK2
      Params:         0       0       0       0
      Locals:         0       0       0       0
      Temps:          0       0       0       0
      Totals:         0       0       0       0
Total ram usage:        0 bytes
 Hardware stack levels used:    1
 This function calls:
		Nothing
 This function is called by:
		i2_flush_uart
 This function uses a non-reentrant model


 *************** function _user_endpoint_init *****************
 Defined at:
		line 690 in file "servos.c"
 Parameters:    Size  Location     Type
		None
 Auto vars:     Size  Location     Type
		None
 Return value:  Size  Location     Type
                  1    wreg      void 
 Registers used:
		wreg, fsr2l, fsr2h, status,2, status,0
 Tracked objects:
		On entry : 
		On exit  : 
		Unchanged: 
 Data sizes:     COMRAM   BANK0   BANK1   BANK2
      Params:         0       0       0       0
      Locals:         0       0       0       0
      Temps:          0       0       0       0
      Totals:         0       0       0       0
Total ram usage:        0 bytes
 Hardware stack levels used:    1
 This function calls:
		Nothing
 This function is called by:
		_usb_check_std_request
 This function uses a non-reentrant model


 *************** function _print_number *****************
 Defined at:
		line 268 in file "servos.c"
 Parameters:    Size  Location     Type
  number          2   14[COMRAM] unsigned int 
 Auto vars:     Size  Location     Type
		None
 Return value:  Size  Location     Type
                  1    wreg      void 
 Registers used:
		wreg, fsr2l, fsr2h, status,2, status,0, cstack
 Tracked objects:
		On entry : 
		On exit  : 
		Unchanged: 
 Data sizes:     COMRAM   BANK0   BANK1   BANK2
      Params:         2       0       0       0
      Locals:         0       0       0       0
      Temps:          0       0       0       0
      Totals:         2       0       0       0
Total ram usage:        2 bytes
 Hardware stack levels used:    1
 Hardware stack levels required when called:    2
 This function calls:
		_print_number_nospace
		i2_print_byte
 This function is called by:
		_usb_check_std_request
 This function uses a non-reentrant model


 *************** function _print_number_nospace *****************
 Defined at:
		line 259 in file "servos.c"
 Parameters:    Size  Location     Type
  number          2   12[COMRAM] unsigned int 
 Auto vars:     Size  Location     Type
		None
 Return value:  Size  Location     Type
                  1    wreg      void 
 Registers used:
		wreg, fsr2l, fsr2h, status,2, status,0, cstack
 Tracked objects:
		On entry : 
		On exit  : 
		Unchanged: 
 Data sizes:     COMRAM   BANK0   BANK1   BANK2
      Params:         2       0       0       0
      Locals:         0       0       0       0
      Temps:          0       0       0       0
      Totals:         2       0       0       0
Total ram usage:        2 bytes
 Hardware stack levels used:    1
 Hardware stack levels required when called:    1
 This function calls:
		___lwdiv
		___lwmod
		i2_print_byte
 This function is called by:
		_print_number
 This function uses a non-reentrant model


 *************** function ___lwmod *****************
 Defined at:
		line 8 in file "/opt/microchip/xc8/v1.45/sources/common/lwmod.c"
 Parameters:    Size  Location     Type
  dividend        2    7[COMRAM] unsigned int 
  divisor         2    9[COMRAM] unsigned int 
 Auto vars:     Size  Location     Type
  counter         1   11[COMRAM] unsigned char 
 Return value:  Size  Location     Type
                  2    7[COMRAM] unsigned int 
 Registers used:
		wreg, status,2, status,0
 Tracked objects:
		On entry : 
		On exit  : 
		Unchanged: 
 Data sizes:     COMRAM   BANK0   BANK1   BANK2
      Params:         4       0       0       0
      Locals:         1       0       0       0
      Temps:          0       0       0       0
      Totals:         5       0       0       0
Total ram usage:        5 bytes
 Hardware stack levels used:    1
 This function calls:
		Nothing
 This function is called by:
		_print_number_nospace
 This function uses a non-reentrant model


 *************** function ___lwdiv *****************
 Defined at:
		line 8 in file "/opt/microchip/xc8/v1.45/sources/common/lwdiv.c"
 Parameters:    Size  Location     Type
  dividend        2    0[COMRAM] unsigned int 
  divisor         2    2[COMRAM] unsigned int 
 Auto vars:     Size  Location     Type
  quotient        2    4[COMRAM] unsigned int 
  counter         1    6[COMRAM] unsigned char 
 Return value:  Size  Location     Type
                  2    0[COMRAM] unsigned int 
 Registers used:
		wreg, status,2, status,0
 Tracked objects:
		On entry : 
		On exit  : 
		Unchanged: 
 Data sizes:     COMRAM   BANK0   BANK1   BANK2
      Params:         4       0       0       0
      Locals:         3       0       0       0
      Temps:          0       0       0       0
      Totals:         7       0       0       0
Total ram usage:        7 bytes
 Hardware stack levels used:    1
 This function calls:
		Nothing
 This function is called by:
		_print_number_nospace
 This function uses a non-reentrant model


 *************** function _handle_usb_ctrl_out *****************
 Defined at:
		line 1001 in file "servos.c"
 Parameters:    Size  Location     Type
		None
 Auto vars:     Size  Location     Type
  temp            1    4[COMRAM] unsigned char 
 Return value:  Size  Location     Type
                  1    wreg      void 
 Registers used:
		wreg, fsr2l, fsr2h, status,2, status,0, tblptrl, tblptrh, tblptru, cstack
 Tracked objects:
		On entry : 
		On exit  : 
		Unchanged: 
 Data sizes:     COMRAM   BANK0   BANK1   BANK2
      Params:         0       0       0       0
      Locals:         1       0       0       0
      Temps:          0       0       0       0
      Totals:         1       0       0       0
Total ram usage:        1 bytes
 Hardware stack levels used:    1
 Hardware stack levels required when called:    2
 This function calls:
		_print_hex2
		i2_print_text
 This function is called by:
		_handle_usb_ctrl_output
 This function uses a non-reentrant model


 *************** function i2_print_text *****************
 Defined at:
		line 250 in file "servos.c"
 Parameters:    Size  Location     Type
  s               2    1[COMRAM] PTR const unsigned char 
		 -> STR_8(36), STR_7(15), STR_6(2), STR_5(10), 
		 -> STR_4(2), STR_3(17), STR_2(2), STR_1(26), 
 Auto vars:     Size  Location     Type
		None
 Return value:  Size  Location     Type
                  1    wreg      void 
 Registers used:
		wreg, fsr2l, fsr2h, status,2, status,0, tblptrl, tblptrh, tblptru, cstack
 Tracked objects:
		On entry : 
		On exit  : 
		Unchanged: 
 Data sizes:     COMRAM   BANK0   BANK1   BANK2
      Params:         2       0       0       0
      Locals:         0       0       0       0
      Temps:          0       0       0       0
      Totals:         2       0       0       0
Total ram usage:        2 bytes
 Hardware stack levels used:    1
 Hardware stack levels required when called:    1
 This function calls:
		i2_print_byte
 This function is called by:
		_usb_check_std_request
		_handle_usb_ctrl_out
		_handle_usb_ctrl_output
 This function uses a non-reentrant model


 *************** function _print_hex2 *****************
 Defined at:
		line 279 in file "servos.c"
 Parameters:    Size  Location     Type
  number          1    wreg     unsigned char 
 Auto vars:     Size  Location     Type
  number          1    3[COMRAM] unsigned char 
 Return value:  Size  Location     Type
                  1    wreg      void 
 Registers used:
		wreg, fsr2l, fsr2h, status,2, status,0, tblptrl, tblptrh, tblptru, cstack
 Tracked objects:
		On entry : 
		On exit  : 
		Unchanged: 
 Data sizes:     COMRAM   BANK0   BANK1   BANK2
      Params:         0       0       0       0
      Locals:         1       0       0       0
      Temps:          2       0       0       0
      Totals:         3       0       0       0
Total ram usage:        3 bytes
 Hardware stack levels used:    1
 Hardware stack levels required when called:    1
 This function calls:
		i2_print_byte
 This function is called by:
		_handle_usb_ctrl_out
 This function uses a non-reentrant model


 *************** function i2_print_byte *****************
 Defined at:
		line 237 in file "servos.c"
 Parameters:    Size  Location     Type
  c               1    wreg     unsigned char 
 Auto vars:     Size  Location     Type
  c               1    0[COMRAM] unsigned char 
 Return value:  Size  Location     Type
                  1    wreg      void 
 Registers used:
		wreg, fsr2l, fsr2h, status,2, status,0
 Tracked objects:
		On entry : 
		On exit  : 
		Unchanged: 
 Data sizes:     COMRAM   BANK0   BANK1   BANK2
      Params:         0       0       0       0
      Locals:         1       0       0       0
      Temps:          0       0       0       0
      Totals:         1       0       0       0
Total ram usage:        1 bytes
 Hardware stack levels used:    1
 This function calls:
		Nothing
 This function is called by:
		_print_number_nospace
		_print_number
		_print_hex2
		i2_print_text
 This function uses a non-reentrant model


 *************** function _handle_usb_ctrl_input *****************
 Defined at:
		line 1075 in file "servos.c"
 Parameters:    Size  Location     Type
		None
 Auto vars:     Size  Location     Type
		None
 Return value:  Size  Location     Type
                  1    wreg      void 
 Registers used:
		wreg, fsr1l, fsr1h, fsr2l, fsr2h, status,2, status,0, tblptrl, tblptrh, tblptru, prodl, prodh, cstack
 Tracked objects:
		On entry : 
		On exit  : 
		Unchanged: 
 Data sizes:     COMRAM   BANK0   BANK1   BANK2
      Params:         0       0       0       0
      Locals:         0       0       0       0
      Temps:          0       0       0       0
      Totals:         0       0       0       0
Total ram usage:        0 bytes
 Hardware stack levels used:    1
 Hardware stack levels required when called:    1
 This function calls:
		_handle_usb_ctrl_in
		_usb_prepare_setup
 This function is called by:
		_handle_usb_transaction
 This function uses a non-reentrant model


 *************** function _handle_usb_ctrl_in *****************
 Defined at:
		line 845 in file "servos.c"
 Parameters:    Size  Location     Type
		None
 Auto vars:     Size  Location     Type
  fragment        2    4[COMRAM] unsigned int 
  i               1    3[COMRAM] unsigned char 
 Return value:  Size  Location     Type
                  1    wreg      void 
 Registers used:
		wreg, fsr1l, fsr1h, fsr2l, fsr2h, status,2, status,0, tblptrl, tblptrh, tblptru, prodl, prodh
 Tracked objects:
		On entry : 
		On exit  : 
		Unchanged: 
 Data sizes:     COMRAM   BANK0   BANK1   BANK2
      Params:         0       0       0       0
      Locals:         3       0       0       0
      Temps:          3       0       0       0
      Totals:         6       0       0       0
Total ram usage:        6 bytes
 Hardware stack levels used:    1
 This function calls:
		Nothing
 This function is called by:
		_handle_usb_ctrl_setup
		_handle_usb_ctrl_input
 This function uses a non-reentrant model


 *************** function _handle_usb_stall *****************
 Defined at:
		line 677 in file "servos.c"
 Parameters:    Size  Location     Type
		None
 Auto vars:     Size  Location     Type
		None
 Return value:  Size  Location     Type
                  1    wreg      void 
 Registers used:
		wreg, fsr2l, fsr2h, status,2, status,0, cstack
 Tracked objects:
		On entry : 
		On exit  : 
		Unchanged: 
 Data sizes:     COMRAM   BANK0   BANK1   BANK2
      Params:         0       0       0       0
      Locals:         0       0       0       0
      Temps:          0       0       0       0
      Totals:         0       0       0       0
Total ram usage:        0 bytes
 Hardware stack levels used:    1
 Hardware stack levels required when called:    1
 This function calls:
		_usb_prepare_setup
 This function is called by:
		_isr
 This function uses a non-reentrant model


 *************** function _handle_usb_reset *****************
 Defined at:
		line 646 in file "servos.c"
 Parameters:    Size  Location     Type
		None
 Auto vars:     Size  Location     Type
		None
 Return value:  Size  Location     Type
                  1    wreg      void 
 Registers used:
		wreg, fsr2l, fsr2h, status,2, status,0, cstack
 Tracked objects:
		On entry : 
		On exit  : 
		Unchanged: 
 Data sizes:     COMRAM   BANK0   BANK1   BANK2
      Params:         0       0       0       0
      Locals:         0       0       0       0
      Temps:          0       0       0       0
      Totals:         0       0       0       0
Total ram usage:        0 bytes
 Hardware stack levels used:    1
 Hardware stack levels required when called:    1
 This function calls:
		_usb_prepare_setup
 This function is called by:
		_isr
 This function uses a non-reentrant model


 *************** function _usb_prepare_setup *****************
 Defined at:
		line 634 in file "servos.c"
 Parameters:    Size  Location     Type
		None
 Auto vars:     Size  Location     Type
		None
 Return value:  Size  Location     Type
                  1    wreg      void 
 Registers used:
		wreg, fsr2l, fsr2h, status,2, status,0
 Tracked objects:
		On entry : 
		On exit  : 
		Unchanged: 
 Data sizes:     COMRAM   BANK0   BANK1   BANK2
      Params:         0       0       0       0
      Locals:         0       0       0       0
      Temps:          0       0       0       0
      Totals:         0       0       0       0
Total ram usage:        0 bytes
 Hardware stack levels used:    1
 This function calls:
		Nothing
 This function is called by:
		_handle_usb_reset
		_handle_usb_stall
		_handle_usb_ctrl_output
		_handle_usb_ctrl_input
 This function uses a non-reentrant model


 *************** function _handle_uart_rx *****************
 Defined at:
		line 172 in file "servos.c"
 Parameters:    Size  Location     Type
		None
 Auto vars:     Size  Location     Type
  c               1    0[COMRAM] unsigned char 
 Return value:  Size  Location     Type
                  1    wreg      void 
 Registers used:
		None
 Tracked objects:
		On entry : 
		On exit  : 
		Unchanged: 
 Data sizes:     COMRAM   BANK0   BANK1   BANK2
      Params:         0       0       0       0
      Locals:         1       0       0       0
      Temps:          0       0       0       0
      Totals:         1       0       0       0
Total ram usage:        1 bytes
 Hardware stack levels used:    1
 This function calls:
		Nothing
 This function is called by:
		_isr
 This function uses a non-reentrant model



MODULE INFORMATION

Module		Function		Class		Link	Load	Size
/opt/microchip/xc8/v1.45/sources/common/lwmod.c
		___lwmod       		CODE           	0DF2	0000	67

/opt/microchip/xc8/v1.45/sources/common/lwmod.c estimated size: 67

shared
		_sd001         		MEDIUMCONST    	3F4F	0000	23
		_qual_descriptor		MEDIUMCONST    	3F89	0000	11
		_usb_config1   		MEDIUMCONST    	3F09	0000	71
		i2_print_byte  		CODE           	1018	0000	49
		i2_print_text  		CODE           	1048	0000	47
		_sd002         		MEDIUMCONST    	3F65	0000	19
		i2_handle_uart 		CODE           	0E74	0000	65
		_hex_table     		MEDIUMCONST    	3EF9	0000	17
		__initialization		CODE           	0B34	0000	109
		_usb_descriptor		MEDIUMCONST    	3F77	0000	19
		i2_flush_uart  		CODE           	1106	0000	17
		_sd000         		MEDIUMCONST    	3F93	0000	5

shared estimated size: 452

/opt/microchip/xc8/v1.45/sources/common/lwdiv.c
		___lwdiv       		CODE           	0C6E	0000	83

/opt/microchip/xc8/v1.45/sources/common/lwdiv.c estimated size: 83

servos.c
		_handle_usb_ctrl_out		CODE           	09CC	0000	193
		_print_number  		CODE           	10D0	0000	21
		_handle_usb_ctrl_setup		CODE           	0302	0000	517
		_print_text    		CODE           	0FE8	0000	49
		_delayMicroseconds		CODE           	1076	0000	43
		_main          		CODE           	00CA	0000	569
		_handle_uart   		CODE           	0E34	0000	65
		_init_uart     		CODE           	10A0	0000	27
		_handle_usb_stall		CODE           	10E4	0000	19
		_print_number_nospace		CODE           	0800	0000	251
		_handle_usb_reset		CODE           	0EEA	0000	55
		_user_endpoint_init		CODE           	08FA	0000	211
		_flush_uart    		CODE           	10F6	0000	17
		_usb_check_std_request		CODE           	0506	0000	461
		_usb_prepare_setup		CODE           	0CC0	0000	81
		_isr           		CODE           	0008	0000	309
		_handle_uart_rx		CODE           	112C	0000	9
		_handle_usb_transaction		CODE           	0FB6	0000	51
		_get_pwm       		CODE           	0DAA	0000	73
		_handle_usb_ctrl_input		CODE           	0C0E	0000	97
		_handle_usb_ctrl_output		CODE           	0BAA	0000	101
		_init_usb      		CODE           	0D5E	0000	77
		_print_byte    		CODE           	0F84	0000	51
		_isr1          		CODE           	0018	0000	175
		_handle_usb_ctrl_in		CODE           	0A8C	0000	169
		_print_hex2    		CODE           	0D10	0000	79
		_sync_code0    		CODE           	10BA	0000	23
		_sync_code1    		CODE           	0F52	0000	51
		_sync_code2    		CODE           	0F20	0000	51
		_sync_code3    		CODE           	0EB4	0000	55

servos.c estimated size: 3950

