Microchip MPLAB XC8 Compiler V1.45 ()

Linker command line:

-W-3 --edf=/opt/microchip/xc8/v1.45/dat/en_msgs.txt -cs \
  -h+dist/default/production/transceiver.X.production.sym \
  --cmf=dist/default/production/transceiver.X.production.cmf -z -Q18F14K50 \
  -o/tmp/xcX44uuH6 -Mdist/default/production/transceiver.X.production.map \
  -E1 -ver=XC8 -ASTACK=0200h-02ffh -pstack=STACK -ACODE=00h-03FFFh \
  -ACONST=00h-03FFFh -ASMALLCONST=0300h-03FFhx61 -AMEDIUMCONST=0300h-03FFFh \
  -ACOMRAM=01h-05Fh -AABS1=00h-02FFh -ABIGRAM=01h-02FFh \
  -ARAM=060h-0FFh,0100h-01FFhx2 -ABANK0=060h-0FFh -ABANK1=0100h-01FFh \
  -ABANK2=0200h-02FFh -ASFR=0F53h-0F5Fh,0F60h-0FFFh \
  -preset_vec=00h,intcode=08h,intcodelo=018h,powerup,init -pramtop=0300h \
  -psmallconst=SMALLCONST -pmediumconst=MEDIUMCONST -pconst=CONST \
  -AFARRAM=00h-00h -ACONFIG=0300000h-030000Dh -pconfig=CONFIG \
  -AIDLOC=0200000h-0200007h -pidloc=IDLOC -AEEDATA=0F00000h-0F000FFh \
  -peeprom_data=EEDATA \
  -prdata=COMRAM,nvrram=COMRAM,nvbit=COMRAM,rbss=COMRAM,rbit=COMRAM \
  -pfarbss=FARRAM,fardata=FARRAM,nvFARRAM=FARRAM \
  -pintsave_regs=BIGRAM,bigbss=BIGRAM,bigdata=BIGRAM -pbss=RAM \
  -pidata=CODE,irdata=CODE,ibigdata=CODE,ifardata=CODE -prparam=COMRAM \
  /tmp/xcXDnfIww.obj dist/default/production/transceiver.X.production.obj 

Object code version is 3.11

Machine type is 18F14K50

Call graph: (short form)




                Name                               Link     Load   Length Selector   Space Scale
/tmp/xcXDnfIww.obj
                init                                 C6       C6        4        C       0
                reset_vec                             0        0        4        0       0
                idloc                            200000   200000        8   200000       0
                config                           300000   300000        E   300000       0
dist/default/production/transceiver.X.production.obj
                intcodelo                            18       18       AE        C       0
                intcode                               8        8        6        4       0
                temp                                 4E       4E        1        1       1
                mediumconst                        3EF2     3EF2      10E     1F79       0
                text35                             106E     106E       42        C       0
                text34                              F42      F42       50        C       0
                text33                             10EA     10EA       36        C       0
                text32                             12F8     12F8       12        C       0
                text31                              D0E      D0E       A8        C       0
                text30                              E90      E90       60        C       0
                text29                             1186     1186       32        C       0
                text28                              F92      F92       4E        C       0
                text27                             11E8     11E8       2E        C       0
                text26                              BA6      BA6       C0        C       0
                text25                              EF0      EF0       52        C       0
                text24                             102C     102C       42        C       0
                text23                              908      908       FA        C       0
                text22                             12C0     12C0       14        C       0
                text21                              AD4      AD4       D2        C       0
                text20                             126C     126C       26        C       0
                text19                              7FE      7FE      10A        C       0
                text18                             12E6     12E6       12        C       0
                text17                              506      506      1CC        C       0
                text16                              302      302      204        C       0
                text15                              E2C      E2C       64        C       0
                text14                             1154     1154       32        C       0
                intcode_body                        A02      A02       D2        C       0
                text11                             1242     1242       2A        C       0
                text10                              6D2      6D2      12C        C       0
                text9                              12D4     12D4       12        C       0
                text8                              1292     1292       1A        C       0
                text7                               FE0      FE0       4C        C       0
                text6                              1120     1120       34        C       0
                text5                              11B8     11B8       30        C       0
                text4                              10B0     10B0       3A        C       0
                text3                               C66      C66       A8        C       0
                text2                              12AC     12AC       14        C       0
                text1                              1216     1216       2C        C       0
                text0                                CA       CA      238        C       0
                cstackCOMRAM                          1        1       33        1       1
                cstackBANK0                          88       88       23       60       1
                bssBANK1                            100      100      100      100       1
                dataBANK0                            AB       AB        A       60       1
                bssBANK0                             60       60       28       60       1
                dataCOMRAM                           44       44        A        1       1
                bssCOMRAM                            34       34       10        1       1
                cinit                               DB6      DB6       76        C       0
                idataBANK0                         1314     1314        A        C       0
                idataCOMRAM                        130A     130A        A        C       0

TOTAL           Name                               Link     Load   Length     Space
        CLASS   STACK          

        CLASS   CODE           
                intcodelo                            18       18       AE         0
                intcode                               8        8        6         0
                init                                 C6       C6        4         0
                reset_vec                             0        0        4         0
                text35                             106E     106E       42         0
                text34                              F42      F42       50         0
                text33                             10EA     10EA       36         0
                text32                             12F8     12F8       12         0
                text31                              D0E      D0E       A8         0
                text30                              E90      E90       60         0
                text29                             1186     1186       32         0
                text28                              F92      F92       4E         0
                text27                             11E8     11E8       2E         0
                text26                              BA6      BA6       C0         0
                text25                              EF0      EF0       52         0
                text24                             102C     102C       42         0
                text23                              908      908       FA         0
                text22                             12C0     12C0       14         0
                text21                              AD4      AD4       D2         0
                text20                             126C     126C       26         0
                text19                              7FE      7FE      10A         0
                text18                             12E6     12E6       12         0
                text17                              506      506      1CC         0
                text16                              302      302      204         0
                text15                              E2C      E2C       64         0
                text14                             1154     1154       32         0
                intcode_body                        A02      A02       D2         0
                text11                             1242     1242       2A         0
                text10                              6D2      6D2      12C         0
                text9                              12D4     12D4       12         0
                text8                              1292     1292       1A         0
                text7                               FE0      FE0       4C         0
                text6                              1120     1120       34         0
                text5                              11B8     11B8       30         0
                text4                              10B0     10B0       3A         0
                text3                               C66      C66       A8         0
                text2                              12AC     12AC       14         0
                text1                              1216     1216       2C         0
                text0                                CA       CA      238         0
                cinit                               DB6      DB6       76         0
                idataBANK0                         1314     1314        A         0
                idataCOMRAM                        130A     130A        A         0

        CLASS   CONST          

        CLASS   SMALLCONST     

        CLASS   MEDIUMCONST    
                mediumconst                        3EF2     3EF2      10E         0

        CLASS   COMRAM         
                temp                                 4E       4E        1         1
                cstackCOMRAM                          1        1       33         1
                dataCOMRAM                           44       44        A         1
                bssCOMRAM                            34       34       10         1

        CLASS   ABS1           

        CLASS   BIGRAM         

        CLASS   RAM            

        CLASS   BANK0          
                cstackBANK0                          88       88       23         1
                dataBANK0                            AB       AB        A         1
                bssBANK0                             60       60       28         1

        CLASS   BANK1          
                bssBANK1                            100      100      100         1

        CLASS   BANK2          

        CLASS   SFR            

        CLASS   FARRAM         

        CLASS   CONFIG         
                config                           300000   300000        E         0

        CLASS   IDLOC          
                idloc                            200000   200000        8         0

        CLASS   EEDATA         



SEGMENTS        Name                           Load    Length   Top    Selector   Space  Class

                reset_vec                      000000  000004  000004         0       0  CODE    
                cstackCOMRAM                   000001  00004E  00004F         1       1  COMRAM  
                intcode                        000008  000006  00000E         4       0  CODE    
                intcodelo                      000018  001306  00131E         C       0  CODE    
                bssBANK0                       000060  000055  0000B5        60       1  BANK0   
                bssBANK1                       000100  000100  000200       100       1  BANK1   
                mediumconst                    003EF2  00010E  004000      1F79       0  MEDIUMCO
                idloc                          200000  000008  200008    200000       0  IDLOC   
                config                         300000  00000E  30000E    300000       0  CONFIG  


UNUSED ADDRESS RANGES

        Name                Unused          Largest block    Delta
        BANK0            0000B5-0000FF               4B
        BANK2            000200-0002FF              100
        BIGRAM           00004F-00005F               11
                         0000B5-0000FF               4B
                         000200-0002FF              100
        CODE             000004-000007                4
                         00000E-000017                A
                         00131E-003EF1             2BD4
        COMRAM           00004F-00005F               11
        CONST            000004-000007                4
                         00000E-000017                A
                         00131E-003EF1             2BD4
        EEDATA           F00000-F000FF              100
        MEDIUMCONST      00131E-003EF1             2BD4
        RAM              0000B5-0000FF               4B
                         000200-0002FF              100
        SFR              000F53-000FFF                D
        SMALLCONST       00131E-003EF1              100
        STACK            000200-0002FF              100

                                  Symbol Table

?___lwdiv                        cstackCOMRAM 000001
?___lwmod                        cstackCOMRAM 000008
_ANSEL                           (abs)        000F7E
_ANSELH                          (abs)        000F7F
_BAUDCTL                         (abs)        000FB8
_EP0_IN                          dataCOMRAM   00004C
_EP0_OUT                         dataBANK0    0000B3
_EP1_IN                          dataCOMRAM   00004A
_EP2_IN                          dataBANK0    0000AF
_EP2_OUT                         dataBANK0    0000B1
_INTCONbits                      (abs)        000FF2
_LATBbits                        (abs)        000F8A
_LATCbits                        (abs)        000F8B
_PIE1bits                        (abs)        000F9D
_PIE2bits                        (abs)        000FA0
_PIR1bits                        (abs)        000F9E
_PIR2bits                        (abs)        000FA1
_RCREG                           (abs)        000FAE
_RCSTA                           (abs)        000FAB
_RCSTAbits                       (abs)        000FAB
_SPBRG                           (abs)        000FAF
_SPBRGH                          (abs)        000FB0
_T0CON                           (abs)        000FD5
_TMR0                            (abs)        000FD6
_TRISBbits                       (abs)        000F93
_TRISCbits                       (abs)        000F94
_TXREG                           (abs)        000FAD
_TXSTA                           (abs)        000FAC
_TXSTAbits                       (abs)        000FAC
_UADDR                           (abs)        000F5C
_UCFG                            (abs)        000F61
_UCON                            (abs)        000F64
_UCONbits                        (abs)        000F64
_UEP0                            (abs)        000F53
_UEP0bits                        (abs)        000F53
_UEP1                            (abs)        000F54
_UEP1bits                        (abs)        000F54
_UEP2                            (abs)        000F55
_UEP2bits                        (abs)        000F55
_UIE                             (abs)        000F60
_UIEbits                         (abs)        000F60
_UIR                             (abs)        000F62
_UIRbits                         (abs)        000F62
_USTAT                           (abs)        000F63
__CFG_BBSIZ$OFF                  (abs)        000000
__CFG_BOREN$SBORDIS              (abs)        000000
__CFG_BORV$19                    (abs)        000000
__CFG_CP0$OFF                    (abs)        000000
__CFG_CP1$OFF                    (abs)        000000
__CFG_CPB$OFF                    (abs)        000000
__CFG_CPD$OFF                    (abs)        000000
__CFG_CPUDIV$NOCLKDIV            (abs)        000000
__CFG_EBTR0$OFF                  (abs)        000000
__CFG_EBTR1$OFF                  (abs)        000000
__CFG_EBTRB$OFF                  (abs)        000000
__CFG_FCMEN$OFF                  (abs)        000000
__CFG_FOSC$XT                    (abs)        000000
__CFG_HFOFST$ON                  (abs)        000000
__CFG_IESO$OFF                   (abs)        000000
__CFG_LVP$OFF                    (abs)        000000
__CFG_MCLRE$ON                   (abs)        000000
__CFG_PCLKEN$ON                  (abs)        000000
__CFG_PLLEN$ON                   (abs)        000000
__CFG_PWRTEN$OFF                 (abs)        000000
__CFG_STVREN$OFF                 (abs)        000000
__CFG_USBDIV$OFF                 (abs)        000000
__CFG_WDTEN$ON                   (abs)        000000
__CFG_WDTPS$32768                (abs)        000000
__CFG_WRT0$OFF                   (abs)        000000
__CFG_WRT1$OFF                   (abs)        000000
__CFG_WRTB$OFF                   (abs)        000000
__CFG_WRTC$OFF                   (abs)        000000
__CFG_WRTD$OFF                   (abs)        000000
__CFG_XINST$OFF                  (abs)        000000
__HRAM                           (abs)        000000
__Habs1                          abs1         000000
__Hbank0                         bank0        000000
__Hbank1                         bank1        000000
__Hbank2                         bank2        000000
__Hbigbss                        bigbss       000000
__Hbigdata                       bigdata      000000
__Hbigram                        bigram       000000
__Hbss                           bss          000000
__HbssBANK0                      bssBANK0     000000
__HbssBANK1                      bssBANK1     000000
__HbssCOMRAM                     bssCOMRAM    000000
__Hcinit                         cinit        000000
__Hclrtext                       clrtext      000000
__Hcomram                        comram       000000
__Hconfig                        config       30000E
__Hconst                         const        000000
__HcstackBANK0                   cstackBANK0  000000
__HcstackCOMRAM                  cstackCOMRAM 000000
__Hdata                          data         000000
__HdataBANK0                     dataBANK0    000000
__HdataCOMRAM                    dataCOMRAM   000000
__Heeprom_data                   eeprom_data  000000
__Hfarbss                        farbss       000000
__Hfardata                       fardata      000000
__Hibigdata                      ibigdata     000000
__Hidata                         idata        000000
__HidataBANK0                    idataBANK0   000000
__HidataCOMRAM                   idataCOMRAM  000000
__Hidloc                         idloc        200008
__Hifardata                      ifardata     000000
__Hinit                          init         0000CA
__Hintcode                       intcode      00000E
__Hintcode_body                  intcode_body 000000
__Hintcodelo                     intcodelo    0000C6
__Hintentry                      intentry     000000
__Hintret                        intret       000000
__Hintsave_regs                  intsave_regs 000000
__Hirdata                        irdata       000000
__Hmediumconst                   mediumconst  004000
__HnvFARRAM                      nvFARRAM     000000
__Hnvbit                         nvbit        000000
__Hnvrram                        nvrram       000000
__Hparam                         rparam       000000
__Hpowerup                       powerup      0000C6
__Hram                           ram          000000
__Hramtop                        ramtop       000300
__Hrbit                          rbit         000000
__Hrbss                          rbss         000000
__Hrdata                         rdata        000000
__Hreset_vec                     reset_vec    000004
__Hrparam                        rparam       000000
__Hsfr                           sfr          000000
__Hsmallconst                    smallconst   000000
__Hspace_0                       (abs)        30000E
__Hspace_1                       (abs)        000200
__Hspace_2                       (abs)        000000
__Hstack                         stack        000000
__Hstruct                        struct       000000
__Htemp                          temp         00004F
__Htext                          text         000000
__Htext0                         text0        000000
__Htext1                         text1        000000
__Htext10                        text10       000000
__Htext11                        text11       000000
__Htext14                        text14       000000
__Htext15                        text15       000000
__Htext16                        text16       000000
__Htext17                        text17       000000
__Htext18                        text18       000000
__Htext19                        text19       000000
__Htext2                         text2        000000
__Htext20                        text20       000000
__Htext21                        text21       000000
__Htext22                        text22       000000
__Htext23                        text23       000000
__Htext24                        text24       000000
__Htext25                        text25       000000
__Htext26                        text26       000000
__Htext27                        text27       000000
__Htext28                        text28       000000
__Htext29                        text29       000000
__Htext3                         text3        000000
__Htext30                        text30       000000
__Htext31                        text31       000000
__Htext32                        text32       000000
__Htext33                        text33       000000
__Htext34                        text34       000000
__Htext35                        text35       000000
__Htext4                         text4        000000
__Htext5                         text5        000000
__Htext6                         text6        000000
__Htext7                         text7        000000
__Htext8                         text8        000000
__Htext9                         text9        000000
__LRAM                           (abs)        000001
__Labs1                          abs1         000000
__Lbank0                         bank0        000000
__Lbank1                         bank1        000000
__Lbank2                         bank2        000000
__Lbigbss                        bigbss       000000
__Lbigdata                       bigdata      000000
__Lbigram                        bigram       000000
__Lbss                           bss          000000
__LbssBANK0                      bssBANK0     000000
__LbssBANK1                      bssBANK1     000000
__LbssCOMRAM                     bssCOMRAM    000000
__Lcinit                         cinit        000000
__Lclrtext                       clrtext      000000
__Lcomram                        comram       000000
__Lconfig                        config       300000
__Lconst                         const        000000
__LcstackBANK0                   cstackBANK0  000000
__LcstackCOMRAM                  cstackCOMRAM 000000
__Ldata                          data         000000
__LdataBANK0                     dataBANK0    000000
__LdataCOMRAM                    dataCOMRAM   000000
__Leeprom_data                   eeprom_data  000000
__Lfarbss                        farbss       000000
__Lfardata                       fardata      000000
__Libigdata                      ibigdata     000000
__Lidata                         idata        000000
__LidataBANK0                    idataBANK0   000000
__LidataCOMRAM                   idataCOMRAM  000000
__Lidloc                         idloc        200000
__Lifardata                      ifardata     000000
__Linit                          init         0000C6
__Lintcode                       intcode      000008
__Lintcode_body                  intcode_body 000000
__Lintcodelo                     intcodelo    000018
__Lintentry                      intentry     000000
__Lintret                        intret       000000
__Lintsave_regs                  intsave_regs 000000
__Lirdata                        irdata       000000
__Lmediumconst                   mediumconst  003EF2
__LnvFARRAM                      nvFARRAM     000000
__Lnvbit                         nvbit        000000
__Lnvrram                        nvrram       000000
__Lparam                         rparam       000000
__Lpowerup                       powerup      0000C6
__Lram                           ram          000000
__Lramtop                        ramtop       000300
__Lrbit                          rbit         000000
__Lrbss                          rbss         000000
__Lrdata                         rdata        000000
__Lreset_vec                     reset_vec    000000
__Lrparam                        rparam       000000
__Lsfr                           sfr          000000
__Lsmallconst                    smallconst   000000
__Lspace_0                       (abs)        000000
__Lspace_1                       (abs)        000000
__Lspace_2                       (abs)        000000
__Lstack                         stack        000000
__Lstruct                        struct       000000
__Ltemp                          temp         00004E
__Ltext                          text         000000
__Ltext0                         text0        000000
__Ltext1                         text1        000000
__Ltext10                        text10       000000
__Ltext11                        text11       000000
__Ltext14                        text14       000000
__Ltext15                        text15       000000
__Ltext16                        text16       000000
__Ltext17                        text17       000000
__Ltext18                        text18       000000
__Ltext19                        text19       000000
__Ltext2                         text2        000000
__Ltext20                        text20       000000
__Ltext21                        text21       000000
__Ltext22                        text22       000000
__Ltext23                        text23       000000
__Ltext24                        text24       000000
__Ltext25                        text25       000000
__Ltext26                        text26       000000
__Ltext27                        text27       000000
__Ltext28                        text28       000000
__Ltext29                        text29       000000
__Ltext3                         text3        000000
__Ltext30                        text30       000000
__Ltext31                        text31       000000
__Ltext32                        text32       000000
__Ltext33                        text33       000000
__Ltext34                        text34       000000
__Ltext35                        text35       000000
__Ltext4                         text4        000000
__Ltext5                         text5        000000
__Ltext6                         text6        000000
__Ltext7                         text7        000000
__Ltext8                         text8        000000
__Ltext9                         text9        000000
__S0                             (abs)        30000E
__S1                             (abs)        000200
__S2                             (abs)        000000
___inthi_sp                      stack        000000
___intlo_sp                      stack        000000
___lwdiv                         text25       000EF0
___lwdiv@counter                 cstackCOMRAM 000007
___lwdiv@dividend                cstackCOMRAM 000001
___lwdiv@divisor                 cstackCOMRAM 000003
___lwdiv@quotient                cstackCOMRAM 000005
___lwmod                         text24       00102C
___lwmod@counter                 cstackCOMRAM 00000C
___lwmod@dividend                cstackCOMRAM 000008
___lwmod@divisor                 cstackCOMRAM 00000A
___param_bank                    (abs)        000000
___rparam_used                   (abs)        000001
___sp                            stack        000000
__accesstop                      (abs)        000060
__activetblptr                   (abs)        000003
__end_of___lwdiv                 text25       000F42
__end_of___lwmod                 text24       00106E
__end_of__initialization         cinit        000E22
__end_of_delayMicroseconds       text11       00126C
__end_of_flush_uart              text9        0012E6
__end_of_handle_uart             text10       0007FE
__end_of_handle_uart_rx          text35       0010B0
__end_of_handle_usb_ctrl_in      text31       000DB6
__end_of_handle_usb_ctrl_input   text30       000EF0
__end_of_handle_usb_ctrl_out     text26       000C66
__end_of_handle_usb_ctrl_output  text15       000E90
__end_of_handle_usb_ctrl_setup   text16       000506
__end_of_handle_usb_reset        text33       001120
__end_of_handle_usb_stall        text32       00130A
__end_of_handle_usb_transaction  text14       001186
__end_of_hex_table               mediumconst  003F03
__end_of_init_uart               text8        0012AC
__end_of_init_usb                text7        00102C
__end_of_isr                     intcode_body 000AD4
__end_of_isr1                    intcodelo    0000C6
__end_of_main                    text0        000302
__end_of_print_byte              text6        001154
__end_of_print_hex2              text28       000FE0
__end_of_print_number            text22       0012D4
__end_of_print_number_nospace    text23       000A02
__end_of_print_text              text5        0011E8
__end_of_qual_descriptor         mediumconst  003F9B
__end_of_radio_on                text3        000D0E
__end_of_receive_mode            text2        0012C0
__end_of_sd000                   mediumconst  003F9F
__end_of_sd001                   mediumconst  003F7F
__end_of_sd002                   mediumconst  003F69
__end_of_transmit_mode           text1        001242
__end_of_usb_check_std_request   text17       0006D2
__end_of_usb_config1             mediumconst  003F49
__end_of_usb_descriptor          mediumconst  003F91
__end_of_usb_prepare_setup       text34       000F92
__end_of_user_endpoint_init      text21       000BA6
__end_of_write_radio             text4        0010EA
__end_ofi2_delayMicroseconds     text20       001292
__end_ofi2_flush_uart            text18       0012F8
__end_ofi2_handle_uart           text19       000908
__end_ofi2_print_byte            text29       0011B8
__end_ofi2_print_text            text27       001216
__initialization                 cinit        000DB6
__mediumconst                    mediumconst  003EF2
__pbssBANK0                      bssBANK0     000060
__pbssBANK1                      bssBANK1     000100
__pbssCOMRAM                     bssCOMRAM    000034
__pcinit                         cinit        000DB6
__pcstackBANK0                   cstackBANK0  000088
__pcstackCOMRAM                  cstackCOMRAM 000001
__pdataBANK0                     dataBANK0    0000AB
__pdataCOMRAM                    dataCOMRAM   000044
__pidataBANK0                    idataBANK0   001314
__pidataCOMRAM                   idataCOMRAM  00130A
__pintcode                       intcode      000008
__pintcode_body                  intcode_body 000A02
__pintcodelo                     intcodelo    000018
__pmediumconst                   mediumconst  003EF2
__ptext0                         text0        0000CA
__ptext1                         text1        001216
__ptext10                        text10       0006D2
__ptext11                        text11       001242
__ptext14                        text14       001154
__ptext15                        text15       000E2C
__ptext16                        text16       000302
__ptext17                        text17       000506
__ptext18                        text18       0012E6
__ptext19                        text19       0007FE
__ptext2                         text2        0012AC
__ptext20                        text20       00126C
__ptext21                        text21       000AD4
__ptext22                        text22       0012C0
__ptext23                        text23       000908
__ptext24                        text24       00102C
__ptext25                        text25       000EF0
__ptext26                        text26       000BA6
__ptext27                        text27       0011E8
__ptext28                        text28       000F92
__ptext29                        text29       001186
__ptext3                         text3        000C66
__ptext30                        text30       000E90
__ptext31                        text31       000D0E
__ptext32                        text32       0012F8
__ptext33                        text33       0010EA
__ptext34                        text34       000F42
__ptext35                        text35       00106E
__ptext4                         text4        0010B0
__ptext5                         text5        0011B8
__ptext6                         text6        001120
__ptext7                         text7        000FE0
__ptext8                         text8        001292
__ptext9                         text9        0012D4
__ramtop                         ramtop       000300
__size_of___lwdiv                (abs)        000000
__size_of___lwmod                (abs)        000000
__size_of_delayMicroseconds      (abs)        000000
__size_of_flush_uart             (abs)        000000
__size_of_handle_uart            (abs)        000000
__size_of_handle_uart_rx         (abs)        000000
__size_of_handle_usb_ctrl_in     (abs)        000000
__size_of_handle_usb_ctrl_input  (abs)        000000
__size_of_handle_usb_ctrl_out    (abs)        000000
__size_of_handle_usb_ctrl_output (abs)        000000
__size_of_handle_usb_ctrl_setup  (abs)        000000
__size_of_handle_usb_reset       (abs)        000000
__size_of_handle_usb_stall       (abs)        000000
__size_of_handle_usb_transaction (abs)        000000
__size_of_init_uart              (abs)        000000
__size_of_init_usb               (abs)        000000
__size_of_isr                    (abs)        000000
__size_of_isr1                   (abs)        000000
__size_of_main                   (abs)        000000
__size_of_print_byte             (abs)        000000
__size_of_print_hex2             (abs)        000000
__size_of_print_number           (abs)        000000
__size_of_print_number_nospace   (abs)        000000
__size_of_print_text             (abs)        000000
__size_of_radio_on               (abs)        000000
__size_of_receive_mode           (abs)        000000
__size_of_transmit_mode          (abs)        000000
__size_of_usb_check_std_request  (abs)        000000
__size_of_usb_prepare_setup      (abs)        000000
__size_of_user_endpoint_init     (abs)        000000
__size_of_write_radio            (abs)        000000
__size_ofi2_delayMicroseconds    (abs)        000000
__size_ofi2_flush_uart           (abs)        000000
__size_ofi2_handle_uart          (abs)        000000
__size_ofi2_print_byte           (abs)        000000
__size_ofi2_print_text           (abs)        000000
__smallconst                     smallconst   000000
_cdc_in_packet                   dataCOMRAM   000044
_ctrl_trf_session_owner          bssCOMRAM    00003F
_ctrl_trf_state                  bssCOMRAM    000040
_data_count                      bssCOMRAM    000037
_data_in_packet                  dataBANK0    0000AD
_data_out_packet                 dataBANK0    0000AB
_data_ptr                        bssCOMRAM    000034
_delayMicroseconds               text11       001242
_flags                           bssCOMRAM    000042
_flush_uart                      text9        0012D4
_handle_uart                     text10       0006D2
_handle_uart_rx                  text35       00106E
_handle_usb_ctrl_in              text31       000D0E
_handle_usb_ctrl_input           text30       000E90
_handle_usb_ctrl_out             text26       000BA6
_handle_usb_ctrl_output          text15       000E2C
_handle_usb_ctrl_setup           text16       000302
_handle_usb_reset                text33       0010EA
_handle_usb_stall                text32       0012F8
_handle_usb_transaction          text14       001154
_hex_table                       mediumconst  003EF3
_init_uart                       text8        001292
_init_usb                        text7        000FE0
_isr                             intcode      000008
_isr1                            intcodelo    000018
_main                            text0        0000CA
_print_byte                      text6        001120
_print_hex2                      text28       000F92
_print_number                    text22       0012C0
_print_number_nospace            text23       000908
_print_text                      text5        0011B8
_qual_descriptor                 mediumconst  003F91
_radio_on                        text3        000C66
_receive_mode                    text2        0012AC
_sd000                           mediumconst  003F9B
_sd001                           mediumconst  003F69
_sd002                           mediumconst  003F49
_serial_in_buffer                bssBANK0     000060
_serial_in_count                 bssCOMRAM    00003D
_serial_in_ptr                   bssCOMRAM    00003B
_serial_in_ptr2                  bssBANK0     000084
_serial_out_buffer               bssBANK1     000100
_serial_out_count                bssBANK0     000082
_serial_out_ptr                  bssCOMRAM    000039
_serial_out_ptr2                 bssBANK0     000080
_setup_in_packet                 dataCOMRAM   000046
_setup_out_packet                dataCOMRAM   000048
_tick                            bssBANK0     000086
_transmit_mode                   text1        001216
_usb_check_std_request           text17       000506
_usb_config                      bssCOMRAM    000043
_usb_config1                     mediumconst  003F03
_usb_descriptor                  mediumconst  003F7F
_usb_prepare_setup               text34       000F42
_usb_state                       bssCOMRAM    000041
_user_endpoint_init              text21       000AD4
_write_radio                     text4        0010B0
btemp                            temp         00004E
delayMicroseconds@i              cstackBANK0  00009F
delayMicroseconds@x              cstackBANK0  00009D
end_of_initialization            cinit        000E22
handle_uart@bits                 cstackBANK0  0000A1
handle_uart_rx@c                 cstackCOMRAM 000001
handle_usb_ctrl_in@fragment      cstackCOMRAM 000005
handle_usb_ctrl_in@i             cstackCOMRAM 000004
handle_usb_ctrl_out@temp         cstackCOMRAM 000005
handle_usb_ctrl_output@temp      cstackCOMRAM 00001F
handle_usb_ctrl_setup@command    cstackCOMRAM 00001B
handle_usb_ctrl_setup@length     cstackCOMRAM 000019
handle_usb_ctrl_setup@length_840 cstackCOMRAM 00001C
handle_usb_ctrl_setup@type       cstackCOMRAM 00001E
i2_delayMicroseconds             text20       00126C
i2_flush_uart                    text18       0012E6
i2_handle_uart                   text19       0007FE
i2_print_byte                    text29       001186
i2_print_text                    text27       0011E8
i2delayMicroseconds@i            cstackCOMRAM 000003
i2delayMicroseconds@x            cstackCOMRAM 000001
i2handle_uart@bits               cstackCOMRAM 000005
i2print_byte@c                   cstackCOMRAM 000001
i2print_text@s                   cstackCOMRAM 000002
init_usb@i                       cstackBANK0  00009D
int$flags                        temp         00004E
int_func                         intcode_body 000A02
intlevel0                        text         000000
intlevel1                        text         000000
intlevel2                        text         000000
intlevel3                        text         000000
main@fragment                    cstackBANK0  0000AA
main@i                           cstackBANK0  0000A8
main@i_919                       cstackBANK0  0000A9
print_byte@c                     cstackBANK0  00009D
print_hex2@number                cstackCOMRAM 000004
print_number@number              cstackCOMRAM 00000F
print_number_nospace@number      cstackCOMRAM 00000D
print_text@s                     cstackBANK0  00009E
stackhi                          (abs)        0002FF
stacklo                          (abs)        000200
start                            init         0000C6
start_initialization             cinit        000DB6
usb_check_std_request@index      cstackCOMRAM 000011
usb_check_std_request@request    cstackCOMRAM 000012
usb_check_std_request@type       cstackCOMRAM 000013
write_radio@data                 cstackBANK0  00009D
write_radio@i                    cstackBANK0  0000A0
wtemp6                           temp         00004F


FUNCTION INFORMATION:

 *************** function _main *****************
 Defined at:
		line 1310 in file "transceiver.c"
 Parameters:    Size  Location     Type
  argc            2   26[BANK0 ] int 
  argv            3   28[BANK0 ] PTR PTR unsigned char 
 Auto vars:     Size  Location     Type
  fragment        1   34[BANK0 ] unsigned char 
  i               1   33[BANK0 ] unsigned char 
  i               1   32[BANK0 ] unsigned char 
 Return value:  Size  Location     Type
                  2   26[BANK0 ] int 
 Registers used:
		wreg, fsr1l, fsr1h, fsr2l, fsr2h, status,2, status,0, tblptrl, tblptrh, tblptru, prodl, prodh, cstack
 Tracked objects:
		On entry : 
		On exit  : 
		Unchanged: 
 Data sizes:     COMRAM   BANK0   BANK1   BANK2
      Params:         0       5       0       0
      Locals:         0       3       0       0
      Temps:          0       1       0       0
      Totals:         0       9       0       0
Total ram usage:        9 bytes
 Hardware stack levels required when called:   12
 This function calls:
		_delayMicroseconds
		_flush_uart
		_handle_uart
		_init_uart
		_init_usb
		_print_byte
		_print_text
		_radio_on
		_receive_mode
		_transmit_mode
 This function is called by:
		Startup code after reset
 This function uses a non-reentrant model


 *************** function _transmit_mode *****************
 Defined at:
		line 1283 in file "transceiver.c"
 Parameters:    Size  Location     Type
		None
 Auto vars:     Size  Location     Type
		None
 Return value:  Size  Location     Type
                  1    wreg      void 
 Registers used:
		wreg, status,2, status,0, cstack
 Tracked objects:
		On entry : 
		On exit  : 
		Unchanged: 
 Data sizes:     COMRAM   BANK0   BANK1   BANK2
      Params:         0       0       0       0
      Locals:         0       0       0       0
      Temps:          0       0       0       0
      Totals:         0       0       0       0
Total ram usage:        0 bytes
 Hardware stack levels used:    1
 Hardware stack levels required when called:   10
 This function calls:
		_write_radio
 This function is called by:
		_main
 This function uses a non-reentrant model


 *************** function _receive_mode *****************
 Defined at:
		line 1300 in file "transceiver.c"
 Parameters:    Size  Location     Type
		None
 Auto vars:     Size  Location     Type
		None
 Return value:  Size  Location     Type
                  1    wreg      void 
 Registers used:
		wreg, status,2, status,0, cstack
 Tracked objects:
		On entry : 
		On exit  : 
		Unchanged: 
 Data sizes:     COMRAM   BANK0   BANK1   BANK2
      Params:         0       0       0       0
      Locals:         0       0       0       0
      Temps:          0       0       0       0
      Totals:         0       0       0       0
Total ram usage:        0 bytes
 Hardware stack levels used:    1
 Hardware stack levels required when called:   10
 This function calls:
		_write_radio
 This function is called by:
		_main
 This function uses a non-reentrant model


 *************** function _radio_on *****************
 Defined at:
		line 1254 in file "transceiver.c"
 Parameters:    Size  Location     Type
		None
 Auto vars:     Size  Location     Type
		None
 Return value:  Size  Location     Type
                  1    wreg      void 
 Registers used:
		wreg, status,2, status,0, cstack
 Tracked objects:
		On entry : 
		On exit  : 
		Unchanged: 
 Data sizes:     COMRAM   BANK0   BANK1   BANK2
      Params:         0       0       0       0
      Locals:         0       0       0       0
      Temps:          0       0       0       0
      Totals:         0       0       0       0
Total ram usage:        0 bytes
 Hardware stack levels used:    1
 Hardware stack levels required when called:   10
 This function calls:
		_write_radio
 This function is called by:
		_main
 This function uses a non-reentrant model


 *************** function _write_radio *****************
 Defined at:
		line 1240 in file "transceiver.c"
 Parameters:    Size  Location     Type
  data            2   21[BANK0 ] unsigned int 
 Auto vars:     Size  Location     Type
  i               1   24[BANK0 ] unsigned char 
 Return value:  Size  Location     Type
                  1    wreg      void 
 Registers used:
		wreg, status,2, status,0
 Tracked objects:
		On entry : 
		On exit  : 
		Unchanged: 
 Data sizes:     COMRAM   BANK0   BANK1   BANK2
      Params:         0       2       0       0
      Locals:         0       1       0       0
      Temps:          0       1       0       0
      Totals:         0       4       0       0
Total ram usage:        4 bytes
 Hardware stack levels used:    1
 Hardware stack levels required when called:    9
 This function calls:
		Nothing
 This function is called by:
		_radio_on
		_transmit_mode
		_receive_mode
 This function uses a non-reentrant model


 *************** function _print_text *****************
 Defined at:
		line 281 in file "transceiver.c"
 Parameters:    Size  Location     Type
  s               2   22[BANK0 ] PTR const unsigned char 
		 -> STR_8(28), STR_7(15), STR_6(2), STR_5(10), 
		 -> STR_4(2), STR_3(17), STR_2(2), STR_1(26), 
 Auto vars:     Size  Location     Type
		None
 Return value:  Size  Location     Type
                  1    wreg      void 
 Registers used:
		wreg, fsr2l, fsr2h, status,2, status,0, tblptrl, tblptrh, tblptru, cstack
 Tracked objects:
		On entry : 
		On exit  : 
		Unchanged: 
 Data sizes:     COMRAM   BANK0   BANK1   BANK2
      Params:         0       2       0       0
      Locals:         0       0       0       0
      Temps:          0       0       0       0
      Totals:         0       2       0       0
Total ram usage:        2 bytes
 Hardware stack levels used:    1
 Hardware stack levels required when called:   10
 This function calls:
		_print_byte
 This function is called by:
		_main
 This function uses a non-reentrant model


 *************** function _print_byte *****************
 Defined at:
		line 268 in file "transceiver.c"
 Parameters:    Size  Location     Type
  c               1    wreg     unsigned char 
 Auto vars:     Size  Location     Type
  c               1   21[BANK0 ] unsigned char 
 Return value:  Size  Location     Type
                  1    wreg      void 
 Registers used:
		wreg, fsr2l, fsr2h, status,2, status,0
 Tracked objects:
		On entry : 
		On exit  : 
		Unchanged: 
 Data sizes:     COMRAM   BANK0   BANK1   BANK2
      Params:         0       0       0       0
      Locals:         0       1       0       0
      Temps:          0       0       0       0
      Totals:         0       1       0       0
Total ram usage:        1 bytes
 Hardware stack levels used:    1
 Hardware stack levels required when called:    9
 This function calls:
		Nothing
 This function is called by:
		_print_text
		_main
		_print_bin
 This function uses a non-reentrant model


 *************** function _init_usb *****************
 Defined at:
		line 625 in file "transceiver.c"
 Parameters:    Size  Location     Type
		None
 Auto vars:     Size  Location     Type
  i               1   21[BANK0 ] unsigned char 
 Return value:  Size  Location     Type
                  1    wreg      void 
 Registers used:
		wreg, fsr2l, fsr2h, status,2, status,0, prodl, prodh
 Tracked objects:
		On entry : 
		On exit  : 
		Unchanged: 
 Data sizes:     COMRAM   BANK0   BANK1   BANK2
      Params:         0       0       0       0
      Locals:         0       1       0       0
      Temps:          0       0       0       0
      Totals:         0       1       0       0
Total ram usage:        1 bytes
 Hardware stack levels used:    1
 Hardware stack levels required when called:    9
 This function calls:
		Nothing
 This function is called by:
		_main
 This function uses a non-reentrant model


 *************** function _init_uart *****************
 Defined at:
		line 157 in file "transceiver.c"
 Parameters:    Size  Location     Type
		None
 Auto vars:     Size  Location     Type
		None
 Return value:  Size  Location     Type
                  1    wreg      void 
 Registers used:
		wreg, status,2
 Tracked objects:
		On entry : 
		On exit  : 
		Unchanged: 
 Data sizes:     COMRAM   BANK0   BANK1   BANK2
      Params:         0       0       0       0
      Locals:         0       0       0       0
      Temps:          0       0       0       0
      Totals:         0       0       0       0
Total ram usage:        0 bytes
 Hardware stack levels used:    1
 Hardware stack levels required when called:    9
 This function calls:
		Nothing
 This function is called by:
		_main
 This function uses a non-reentrant model


 *************** function _flush_uart *****************
 Defined at:
		line 259 in file "transceiver.c"
 Parameters:    Size  Location     Type
		None
 Auto vars:     Size  Location     Type
		None
 Return value:  Size  Location     Type
                  1    wreg      void 
 Registers used:
		wreg, fsr2l, fsr2h, status,2, status,0, cstack
 Tracked objects:
		On entry : 
		On exit  : 
		Unchanged: 
 Data sizes:     COMRAM   BANK0   BANK1   BANK2
      Params:         0       0       0       0
      Locals:         0       0       0       0
      Temps:          0       0       0       0
      Totals:         0       0       0       0
Total ram usage:        0 bytes
 Hardware stack levels used:    1
 Hardware stack levels required when called:   11
 This function calls:
		_handle_uart
 This function is called by:
		_main
 This function uses a non-reentrant model


 *************** function _handle_uart *****************
 Defined at:
		line 198 in file "transceiver.c"
 Parameters:    Size  Location     Type
		None
 Auto vars:     Size  Location     Type
  bits            1   25[BANK0 ] struct .
 Return value:  Size  Location     Type
                  1    wreg      void 
 Registers used:
		wreg, fsr2l, fsr2h, status,2, status,0, cstack
 Tracked objects:
		On entry : 
		On exit  : 
		Unchanged: 
 Data sizes:     COMRAM   BANK0   BANK1   BANK2
      Params:         0       0       0       0
      Locals:         0       1       0       0
      Temps:          0       0       0       0
      Totals:         0       1       0       0
Total ram usage:        1 bytes
 Hardware stack levels used:    1
 Hardware stack levels required when called:   10
 This function calls:
		_delayMicroseconds
 This function is called by:
		_flush_uart
		_main
 This function uses a non-reentrant model


 *************** function _delayMicroseconds *****************
 Defined at:
		line 188 in file "transceiver.c"
 Parameters:    Size  Location     Type
  x               2   21[BANK0 ] unsigned int 
 Auto vars:     Size  Location     Type
  i               2   23[BANK0 ] unsigned int 
 Return value:  Size  Location     Type
                  1    wreg      void 
 Registers used:
		wreg, status,2, status,0
 Tracked objects:
		On entry : 
		On exit  : 
		Unchanged: 
 Data sizes:     COMRAM   BANK0   BANK1   BANK2
      Params:         0       2       0       0
      Locals:         0       2       0       0
      Temps:          0       0       0       0
      Totals:         0       4       0       0
Total ram usage:        4 bytes
 Hardware stack levels used:    1
 Hardware stack levels required when called:    9
 This function calls:
		Nothing
 This function is called by:
		_handle_uart
		_main
 This function uses a non-reentrant model


 *************** function _isr1 *****************
 Defined at:
		line 1455 in file "transceiver.c"
 Parameters:    Size  Location     Type
		None
 Auto vars:     Size  Location     Type
		None
 Return value:  Size  Location     Type
                  1    wreg      void 
 Registers used:
		None
 Tracked objects:
		On entry : 
		On exit  : 
		Unchanged: 
 Data sizes:     COMRAM   BANK0   BANK1   BANK2
      Params:         0       0       0       0
      Locals:         0       0       0       0
      Temps:          0      21       0       0
      Totals:         0      21       0       0
Total ram usage:       21 bytes
 Hardware stack levels used:    1
 Hardware stack levels required when called:    8
 This function calls:
		Nothing
 This function is called by:
		Interrupt level 1
 This function uses a non-reentrant model


 *************** function _isr *****************
 Defined at:
		line 1459 in file "transceiver.c"
 Parameters:    Size  Location     Type
		None
 Auto vars:     Size  Location     Type
		None
 Return value:  Size  Location     Type
                  1    wreg      void 
 Registers used:
		wreg, fsr1l, fsr1h, fsr2l, fsr2h, status,2, status,0, tblptrl, tblptrh, tblptru, prodl, prodh, cstack
 Tracked objects:
		On entry : 
		On exit  : 
		Unchanged: 
 Data sizes:     COMRAM   BANK0   BANK1   BANK2
      Params:         0       0       0       0
      Locals:         0       0       0       0
      Temps:         18       0       0       0
      Totals:        18       0       0       0
Total ram usage:       18 bytes
 Hardware stack levels used:    1
 Hardware stack levels required when called:    7
 This function calls:
		_handle_uart_rx
		_handle_usb_reset
		_handle_usb_stall
		_handle_usb_transaction
 This function is called by:
		Interrupt level 2
 This function uses a non-reentrant model


 *************** function _handle_usb_transaction *****************
 Defined at:
		line 1153 in file "transceiver.c"
 Parameters:    Size  Location     Type
		None
 Auto vars:     Size  Location     Type
		None
 Return value:  Size  Location     Type
                  1    wreg      void 
 Registers used:
		wreg, fsr1l, fsr1h, fsr2l, fsr2h, status,2, status,0, tblptrl, tblptrh, tblptru, prodl, prodh, cstack
 Tracked objects:
		On entry : 
		On exit  : 
		Unchanged: 
 Data sizes:     COMRAM   BANK0   BANK1   BANK2
      Params:         0       0       0       0
      Locals:         0       0       0       0
      Temps:          2       0       0       0
      Totals:         2       0       0       0
Total ram usage:        2 bytes
 Hardware stack levels used:    1
 Hardware stack levels required when called:    6
 This function calls:
		_handle_usb_ctrl_input
		_handle_usb_ctrl_output
 This function is called by:
		_isr
 This function uses a non-reentrant model


 *************** function _handle_usb_ctrl_output *****************
 Defined at:
		line 1058 in file "transceiver.c"
 Parameters:    Size  Location     Type
		None
 Auto vars:     Size  Location     Type
  temp            1   30[COMRAM] unsigned char 
 Return value:  Size  Location     Type
                  1    wreg      void 
 Registers used:
		wreg, fsr1l, fsr1h, fsr2l, fsr2h, status,2, status,0, tblptrl, tblptrh, tblptru, prodl, prodh, cstack
 Tracked objects:
		On entry : 
		On exit  : 
		Unchanged: 
 Data sizes:     COMRAM   BANK0   BANK1   BANK2
      Params:         0       0       0       0
      Locals:         1       0       0       0
      Temps:          0       0       0       0
      Totals:         1       0       0       0
Total ram usage:        1 bytes
 Hardware stack levels used:    1
 Hardware stack levels required when called:    5
 This function calls:
		_handle_usb_ctrl_out
		_handle_usb_ctrl_setup
		_usb_prepare_setup
		i2_print_text
 This function is called by:
		_handle_usb_transaction
 This function uses a non-reentrant model


 *************** function _handle_usb_ctrl_setup *****************
 Defined at:
		line 905 in file "transceiver.c"
 Parameters:    Size  Location     Type
		None
 Auto vars:     Size  Location     Type
  length          2   27[COMRAM] unsigned int 
  command         1   26[COMRAM] unsigned char 
  length          2   24[COMRAM] unsigned int 
  type            1   29[COMRAM] unsigned char 
 Return value:  Size  Location     Type
                  1    wreg      void 
 Registers used:
		wreg, fsr1l, fsr1h, fsr2l, fsr2h, status,2, status,0, tblptrl, tblptrh, tblptru, prodl, prodh, cstack
 Tracked objects:
		On entry : 
		On exit  : 
		Unchanged: 
 Data sizes:     COMRAM   BANK0   BANK1   BANK2
      Params:         0       0       0       0
      Locals:         6       0       0       0
      Temps:          5       0       0       0
      Totals:        11       0       0       0
Total ram usage:       11 bytes
 Hardware stack levels used:    1
 Hardware stack levels required when called:    4
 This function calls:
		_handle_usb_ctrl_in
		_usb_check_std_request
 This function is called by:
		_handle_usb_ctrl_output
 This function uses a non-reentrant model


 *************** function _usb_check_std_request *****************
 Defined at:
		line 745 in file "transceiver.c"
 Parameters:    Size  Location     Type
		None
 Auto vars:     Size  Location     Type
  index           1   16[COMRAM] unsigned char 
  type            1   18[COMRAM] unsigned char 
  request         1   17[COMRAM] unsigned char 
 Return value:  Size  Location     Type
                  1    wreg      void 
 Registers used:
		wreg, fsr2l, fsr2h, status,2, status,0, tblptrl, tblptrh, tblptru, cstack
 Tracked objects:
		On entry : 
		On exit  : 
		Unchanged: 
 Data sizes:     COMRAM   BANK0   BANK1   BANK2
      Params:         0       0       0       0
      Locals:         3       0       0       0
      Temps:          0       0       0       0
      Totals:         3       0       0       0
Total ram usage:        3 bytes
 Hardware stack levels used:    1
 Hardware stack levels required when called:    3
 This function calls:
		_print_number
		_user_endpoint_init
		i2_flush_uart
		i2_print_text
 This function is called by:
		_handle_usb_ctrl_setup
 This function uses a non-reentrant model


 *************** function i2_flush_uart *****************
 Defined at:
		line 259 in file "transceiver.c"
 Parameters:    Size  Location     Type
		None
 Auto vars:     Size  Location     Type
		None
 Return value:  Size  Location     Type
                  1    wreg      void 
 Registers used:
		wreg, fsr2l, fsr2h, status,2, status,0, cstack
 Tracked objects:
		On entry : 
		On exit  : 
		Unchanged: 
 Data sizes:     COMRAM   BANK0   BANK1   BANK2
      Params:         0       0       0       0
      Locals:         0       0       0       0
      Temps:          0       0       0       0
      Totals:         0       0       0       0
Total ram usage:        0 bytes
 Hardware stack levels used:    1
 Hardware stack levels required when called:    2
 This function calls:
		i2_handle_uart
 This function is called by:
		_usb_check_std_request
 This function uses a non-reentrant model


 *************** function i2_handle_uart *****************
 Defined at:
		line 198 in file "transceiver.c"
 Parameters:    Size  Location     Type
		None
 Auto vars:     Size  Location     Type
  handle_uart     1    4[COMRAM] struct .
 Return value:  Size  Location     Type
                  1    wreg      void 
 Registers used:
		wreg, fsr2l, fsr2h, status,2, status,0, cstack
 Tracked objects:
		On entry : 
		On exit  : 
		Unchanged: 
 Data sizes:     COMRAM   BANK0   BANK1   BANK2
      Params:         0       0       0       0
      Locals:         1       0       0       0
      Temps:          0       0       0       0
      Totals:         1       0       0       0
Total ram usage:        1 bytes
 Hardware stack levels used:    1
 Hardware stack levels required when called:    1
 This function calls:
		i2_delayMicroseconds
 This function is called by:
		i2_flush_uart
 This function uses a non-reentrant model


 *************** function i2_delayMicroseconds *****************
 Defined at:
		line 188 in file "transceiver.c"
 Parameters:    Size  Location     Type
  x               2    0[COMRAM] unsigned int 
 Auto vars:     Size  Location     Type
  delayMicrose    2    2[COMRAM] unsigned int 
 Return value:  Size  Location     Type
                  1    wreg      void 
 Registers used:
		wreg, status,2, status,0
 Tracked objects:
		On entry : 
		On exit  : 
		Unchanged: 
 Data sizes:     COMRAM   BANK0   BANK1   BANK2
      Params:         2       0       0       0
      Locals:         2       0       0       0
      Temps:          0       0       0       0
      Totals:         4       0       0       0
Total ram usage:        4 bytes
 Hardware stack levels used:    1
 This function calls:
		Nothing
 This function is called by:
		i2_handle_uart
 This function uses a non-reentrant model


 *************** function _user_endpoint_init *****************
 Defined at:
		line 724 in file "transceiver.c"
 Parameters:    Size  Location     Type
		None
 Auto vars:     Size  Location     Type
		None
 Return value:  Size  Location     Type
                  1    wreg      void 
 Registers used:
		wreg, fsr2l, fsr2h, status,2, status,0
 Tracked objects:
		On entry : 
		On exit  : 
		Unchanged: 
 Data sizes:     COMRAM   BANK0   BANK1   BANK2
      Params:         0       0       0       0
      Locals:         0       0       0       0
      Temps:          0       0       0       0
      Totals:         0       0       0       0
Total ram usage:        0 bytes
 Hardware stack levels used:    1
 This function calls:
		Nothing
 This function is called by:
		_usb_check_std_request
 This function uses a non-reentrant model


 *************** function _print_number *****************
 Defined at:
		line 299 in file "transceiver.c"
 Parameters:    Size  Location     Type
  number          2   14[COMRAM] unsigned int 
 Auto vars:     Size  Location     Type
		None
 Return value:  Size  Location     Type
                  1    wreg      void 
 Registers used:
		wreg, fsr2l, fsr2h, status,2, status,0, cstack
 Tracked objects:
		On entry : 
		On exit  : 
		Unchanged: 
 Data sizes:     COMRAM   BANK0   BANK1   BANK2
      Params:         2       0       0       0
      Locals:         0       0       0       0
      Temps:          0       0       0       0
      Totals:         2       0       0       0
Total ram usage:        2 bytes
 Hardware stack levels used:    1
 Hardware stack levels required when called:    2
 This function calls:
		_print_number_nospace
		i2_print_byte
 This function is called by:
		_usb_check_std_request
 This function uses a non-reentrant model


 *************** function _print_number_nospace *****************
 Defined at:
		line 290 in file "transceiver.c"
 Parameters:    Size  Location     Type
  number          2   12[COMRAM] unsigned int 
 Auto vars:     Size  Location     Type
		None
 Return value:  Size  Location     Type
                  1    wreg      void 
 Registers used:
		wreg, fsr2l, fsr2h, status,2, status,0, cstack
 Tracked objects:
		On entry : 
		On exit  : 
		Unchanged: 
 Data sizes:     COMRAM   BANK0   BANK1   BANK2
      Params:         2       0       0       0
      Locals:         0       0       0       0
      Temps:          0       0       0       0
      Totals:         2       0       0       0
Total ram usage:        2 bytes
 Hardware stack levels used:    1
 Hardware stack levels required when called:    1
 This function calls:
		___lwdiv
		___lwmod
		i2_print_byte
 This function is called by:
		_print_number
 This function uses a non-reentrant model


 *************** function ___lwmod *****************
 Defined at:
		line 8 in file "/opt/microchip/xc8/v1.45/sources/common/lwmod.c"
 Parameters:    Size  Location     Type
  dividend        2    7[COMRAM] unsigned int 
  divisor         2    9[COMRAM] unsigned int 
 Auto vars:     Size  Location     Type
  counter         1   11[COMRAM] unsigned char 
 Return value:  Size  Location     Type
                  2    7[COMRAM] unsigned int 
 Registers used:
		wreg, status,2, status,0
 Tracked objects:
		On entry : 
		On exit  : 
		Unchanged: 
 Data sizes:     COMRAM   BANK0   BANK1   BANK2
      Params:         4       0       0       0
      Locals:         1       0       0       0
      Temps:          0       0       0       0
      Totals:         5       0       0       0
Total ram usage:        5 bytes
 Hardware stack levels used:    1
 This function calls:
		Nothing
 This function is called by:
		_print_number_nospace
 This function uses a non-reentrant model


 *************** function ___lwdiv *****************
 Defined at:
		line 8 in file "/opt/microchip/xc8/v1.45/sources/common/lwdiv.c"
 Parameters:    Size  Location     Type
  dividend        2    0[COMRAM] unsigned int 
  divisor         2    2[COMRAM] unsigned int 
 Auto vars:     Size  Location     Type
  quotient        2    4[COMRAM] unsigned int 
  counter         1    6[COMRAM] unsigned char 
 Return value:  Size  Location     Type
                  2    0[COMRAM] unsigned int 
 Registers used:
		wreg, status,2, status,0
 Tracked objects:
		On entry : 
		On exit  : 
		Unchanged: 
 Data sizes:     COMRAM   BANK0   BANK1   BANK2
      Params:         4       0       0       0
      Locals:         3       0       0       0
      Temps:          0       0       0       0
      Totals:         7       0       0       0
Total ram usage:        7 bytes
 Hardware stack levels used:    1
 This function calls:
		Nothing
 This function is called by:
		_print_number_nospace
 This function uses a non-reentrant model


 *************** function _handle_usb_ctrl_out *****************
 Defined at:
		line 1035 in file "transceiver.c"
 Parameters:    Size  Location     Type
		None
 Auto vars:     Size  Location     Type
  temp            1    4[COMRAM] unsigned char 
 Return value:  Size  Location     Type
                  1    wreg      void 
 Registers used:
		wreg, fsr2l, fsr2h, status,2, status,0, tblptrl, tblptrh, tblptru, cstack
 Tracked objects:
		On entry : 
		On exit  : 
		Unchanged: 
 Data sizes:     COMRAM   BANK0   BANK1   BANK2
      Params:         0       0       0       0
      Locals:         1       0       0       0
      Temps:          0       0       0       0
      Totals:         1       0       0       0
Total ram usage:        1 bytes
 Hardware stack levels used:    1
 Hardware stack levels required when called:    2
 This function calls:
		_print_hex2
		i2_print_text
 This function is called by:
		_handle_usb_ctrl_output
 This function uses a non-reentrant model


 *************** function i2_print_text *****************
 Defined at:
		line 281 in file "transceiver.c"
 Parameters:    Size  Location     Type
  s               2    1[COMRAM] PTR const unsigned char 
		 -> STR_8(28), STR_7(15), STR_6(2), STR_5(10), 
		 -> STR_4(2), STR_3(17), STR_2(2), STR_1(26), 
 Auto vars:     Size  Location     Type
		None
 Return value:  Size  Location     Type
                  1    wreg      void 
 Registers used:
		wreg, fsr2l, fsr2h, status,2, status,0, tblptrl, tblptrh, tblptru, cstack
 Tracked objects:
		On entry : 
		On exit  : 
		Unchanged: 
 Data sizes:     COMRAM   BANK0   BANK1   BANK2
      Params:         2       0       0       0
      Locals:         0       0       0       0
      Temps:          0       0       0       0
      Totals:         2       0       0       0
Total ram usage:        2 bytes
 Hardware stack levels used:    1
 Hardware stack levels required when called:    1
 This function calls:
		i2_print_byte
 This function is called by:
		_usb_check_std_request
		_handle_usb_ctrl_out
		_handle_usb_ctrl_output
 This function uses a non-reentrant model


 *************** function _print_hex2 *****************
 Defined at:
		line 310 in file "transceiver.c"
 Parameters:    Size  Location     Type
  number          1    wreg     unsigned char 
 Auto vars:     Size  Location     Type
  number          1    3[COMRAM] unsigned char 
 Return value:  Size  Location     Type
                  1    wreg      void 
 Registers used:
		wreg, fsr2l, fsr2h, status,2, status,0, tblptrl, tblptrh, tblptru, cstack
 Tracked objects:
		On entry : 
		On exit  : 
		Unchanged: 
 Data sizes:     COMRAM   BANK0   BANK1   BANK2
      Params:         0       0       0       0
      Locals:         1       0       0       0
      Temps:          2       0       0       0
      Totals:         3       0       0       0
Total ram usage:        3 bytes
 Hardware stack levels used:    1
 Hardware stack levels required when called:    1
 This function calls:
		i2_print_byte
 This function is called by:
		_handle_usb_ctrl_out
 This function uses a non-reentrant model


 *************** function i2_print_byte *****************
 Defined at:
		line 268 in file "transceiver.c"
 Parameters:    Size  Location     Type
  c               1    wreg     unsigned char 
 Auto vars:     Size  Location     Type
  c               1    0[COMRAM] unsigned char 
 Return value:  Size  Location     Type
                  1    wreg      void 
 Registers used:
		wreg, fsr2l, fsr2h, status,2, status,0
 Tracked objects:
		On entry : 
		On exit  : 
		Unchanged: 
 Data sizes:     COMRAM   BANK0   BANK1   BANK2
      Params:         0       0       0       0
      Locals:         1       0       0       0
      Temps:          0       0       0       0
      Totals:         1       0       0       0
Total ram usage:        1 bytes
 Hardware stack levels used:    1
 This function calls:
		Nothing
 This function is called by:
		_print_number_nospace
		_print_number
		_print_hex2
		i2_print_text
 This function uses a non-reentrant model


 *************** function _handle_usb_ctrl_input *****************
 Defined at:
		line 1109 in file "transceiver.c"
 Parameters:    Size  Location     Type
		None
 Auto vars:     Size  Location     Type
		None
 Return value:  Size  Location     Type
                  1    wreg      void 
 Registers used:
		wreg, fsr1l, fsr1h, fsr2l, fsr2h, status,2, status,0, tblptrl, tblptrh, tblptru, prodl, prodh, cstack
 Tracked objects:
		On entry : 
		On exit  : 
		Unchanged: 
 Data sizes:     COMRAM   BANK0   BANK1   BANK2
      Params:         0       0       0       0
      Locals:         0       0       0       0
      Temps:          0       0       0       0
      Totals:         0       0       0       0
Total ram usage:        0 bytes
 Hardware stack levels used:    1
 Hardware stack levels required when called:    1
 This function calls:
		_handle_usb_ctrl_in
		_usb_prepare_setup
 This function is called by:
		_handle_usb_transaction
 This function uses a non-reentrant model


 *************** function _handle_usb_ctrl_in *****************
 Defined at:
		line 879 in file "transceiver.c"
 Parameters:    Size  Location     Type
		None
 Auto vars:     Size  Location     Type
  fragment        2    4[COMRAM] unsigned int 
  i               1    3[COMRAM] unsigned char 
 Return value:  Size  Location     Type
                  1    wreg      void 
 Registers used:
		wreg, fsr1l, fsr1h, fsr2l, fsr2h, status,2, status,0, tblptrl, tblptrh, tblptru, prodl, prodh
 Tracked objects:
		On entry : 
		On exit  : 
		Unchanged: 
 Data sizes:     COMRAM   BANK0   BANK1   BANK2
      Params:         0       0       0       0
      Locals:         3       0       0       0
      Temps:          3       0       0       0
      Totals:         6       0       0       0
Total ram usage:        6 bytes
 Hardware stack levels used:    1
 This function calls:
		Nothing
 This function is called by:
		_handle_usb_ctrl_setup
		_handle_usb_ctrl_input
 This function uses a non-reentrant model


 *************** function _handle_usb_stall *****************
 Defined at:
		line 711 in file "transceiver.c"
 Parameters:    Size  Location     Type
		None
 Auto vars:     Size  Location     Type
		None
 Return value:  Size  Location     Type
                  1    wreg      void 
 Registers used:
		wreg, fsr2l, fsr2h, status,2, status,0, cstack
 Tracked objects:
		On entry : 
		On exit  : 
		Unchanged: 
 Data sizes:     COMRAM   BANK0   BANK1   BANK2
      Params:         0       0       0       0
      Locals:         0       0       0       0
      Temps:          0       0       0       0
      Totals:         0       0       0       0
Total ram usage:        0 bytes
 Hardware stack levels used:    1
 Hardware stack levels required when called:    1
 This function calls:
		_usb_prepare_setup
 This function is called by:
		_isr
 This function uses a non-reentrant model


 *************** function _handle_usb_reset *****************
 Defined at:
		line 680 in file "transceiver.c"
 Parameters:    Size  Location     Type
		None
 Auto vars:     Size  Location     Type
		None
 Return value:  Size  Location     Type
                  1    wreg      void 
 Registers used:
		wreg, fsr2l, fsr2h, status,2, status,0, cstack
 Tracked objects:
		On entry : 
		On exit  : 
		Unchanged: 
 Data sizes:     COMRAM   BANK0   BANK1   BANK2
      Params:         0       0       0       0
      Locals:         0       0       0       0
      Temps:          0       0       0       0
      Totals:         0       0       0       0
Total ram usage:        0 bytes
 Hardware stack levels used:    1
 Hardware stack levels required when called:    1
 This function calls:
		_usb_prepare_setup
 This function is called by:
		_isr
 This function uses a non-reentrant model


 *************** function _usb_prepare_setup *****************
 Defined at:
		line 668 in file "transceiver.c"
 Parameters:    Size  Location     Type
		None
 Auto vars:     Size  Location     Type
		None
 Return value:  Size  Location     Type
                  1    wreg      void 
 Registers used:
		wreg, fsr2l, fsr2h, status,2, status,0
 Tracked objects:
		On entry : 
		On exit  : 
		Unchanged: 
 Data sizes:     COMRAM   BANK0   BANK1   BANK2
      Params:         0       0       0       0
      Locals:         0       0       0       0
      Temps:          0       0       0       0
      Totals:         0       0       0       0
Total ram usage:        0 bytes
 Hardware stack levels used:    1
 This function calls:
		Nothing
 This function is called by:
		_handle_usb_reset
		_handle_usb_stall
		_handle_usb_ctrl_output
		_handle_usb_ctrl_input
 This function uses a non-reentrant model


 *************** function _handle_uart_rx *****************
 Defined at:
		line 171 in file "transceiver.c"
 Parameters:    Size  Location     Type
		None
 Auto vars:     Size  Location     Type
  c               1    0[COMRAM] unsigned char 
 Return value:  Size  Location     Type
                  1    wreg      void 
 Registers used:
		wreg, fsr2l, fsr2h, status,2, status,0
 Tracked objects:
		On entry : 
		On exit  : 
		Unchanged: 
 Data sizes:     COMRAM   BANK0   BANK1   BANK2
      Params:         0       0       0       0
      Locals:         1       0       0       0
      Temps:          0       0       0       0
      Totals:         1       0       0       0
Total ram usage:        1 bytes
 Hardware stack levels used:    1
 This function calls:
		Nothing
 This function is called by:
		_isr
 This function uses a non-reentrant model



MODULE INFORMATION

Module		Function		Class		Link	Load	Size
/opt/microchip/xc8/v1.45/sources/common/lwmod.c
		___lwmod       		CODE           	102C	0000	67

/opt/microchip/xc8/v1.45/sources/common/lwmod.c estimated size: 67

transceiver.c
		_transmit_mode 		CODE           	1216	0000	45
		_handle_usb_ctrl_out		CODE           	0BA6	0000	193
		_print_number  		CODE           	12C0	0000	21
		_handle_usb_ctrl_setup		CODE           	0302	0000	517
		_print_text    		CODE           	11B8	0000	49
		_delayMicroseconds		CODE           	1242	0000	43
		_main          		CODE           	00CA	0000	569
		_handle_uart   		CODE           	06D2	0000	301
		_init_uart     		CODE           	1292	0000	27
		_handle_usb_stall		CODE           	12F8	0000	19
		_print_number_nospace		CODE           	0908	0000	251
		_handle_usb_reset		CODE           	10EA	0000	55
		_user_endpoint_init		CODE           	0AD4	0000	211
		_flush_uart    		CODE           	12D4	0000	19
		_usb_check_std_request		CODE           	0506	0000	461
		_usb_prepare_setup		CODE           	0F42	0000	81
		_isr           		CODE           	0008	0000	217
		_handle_uart_rx		CODE           	106E	0000	67
		_handle_usb_transaction		CODE           	1154	0000	51
		_receive_mode  		CODE           	12AC	0000	21
		_handle_usb_ctrl_input		CODE           	0E90	0000	97
		_handle_usb_ctrl_output		CODE           	0E2C	0000	101
		_init_usb      		CODE           	0FE0	0000	77
		_print_byte    		CODE           	1120	0000	53
		_isr1          		CODE           	0018	0000	175
		_write_radio   		CODE           	10B0	0000	59
		_radio_on      		CODE           	0C66	0000	169
		_handle_usb_ctrl_in		CODE           	0D0E	0000	169
		_print_hex2    		CODE           	0F92	0000	79

transceiver.c estimated size: 4197

shared
		_sd001         		MEDIUMCONST    	3F69	0000	23
		_qual_descriptor		MEDIUMCONST    	3F91	0000	11
		_usb_config1   		MEDIUMCONST    	3F03	0000	71
		i2_print_byte  		CODE           	1186	0000	51
		i2_print_text  		CODE           	11E8	0000	47
		_sd002         		MEDIUMCONST    	3F49	0000	33
		i2_handle_uart 		CODE           	07FE	0000	267
		i2_delayMicroseconds		CODE           	126C	0000	39
		_hex_table     		MEDIUMCONST    	3EF3	0000	17
		__initialization		CODE           	0DB6	0000	109
		_usb_descriptor		MEDIUMCONST    	3F7F	0000	19
		i2_flush_uart  		CODE           	12E6	0000	19
		_sd000         		MEDIUMCONST    	3F9B	0000	5

shared estimated size: 711

/opt/microchip/xc8/v1.45/sources/common/lwdiv.c
		___lwdiv       		CODE           	0EF0	0000	83

/opt/microchip/xc8/v1.45/sources/common/lwdiv.c estimated size: 83

